Archive member included to satisfy reference by file (symbol)

/opt/libdragon/bin/../lib/gcc/mips64-elf/14.2.0/../../../../mips64-elf/lib/libdragon.a(entrypoint.o)
                              (_start)
/opt/libdragon/bin/../lib/gcc/mips64-elf/14.2.0/../../../../mips64-elf/lib/libdragon.a(debug.o)
                              /opt/libdragon/bin/../lib/gcc/mips64-elf/14.2.0/../../../../mips64-elf/lib/libdragon.a(entrypoint.o) (debug_assert_func)
/opt/libdragon/bin/../lib/gcc/mips64-elf/14.2.0/../../../../mips64-elf/lib/libdragon.a(usb.o)
                              /opt/libdragon/bin/../lib/gcc/mips64-elf/14.2.0/../../../../mips64-elf/lib/libdragon.a(debug.o) (usb_write)
/opt/libdragon/bin/../lib/gcc/mips64-elf/14.2.0/../../../../mips64-elf/lib/libdragon.a(cart.o)
                              /opt/libdragon/bin/../lib/gcc/mips64-elf/14.2.0/../../../../mips64-elf/lib/libdragon.a(debug.o) (cart_init)
/opt/libdragon/bin/../lib/gcc/mips64-elf/14.2.0/../../../../mips64-elf/lib/libdragon.a(ff.o)
                              /opt/libdragon/bin/../lib/gcc/mips64-elf/14.2.0/../../../../mips64-elf/lib/libdragon.a(debug.o) (f_mount)
/opt/libdragon/bin/../lib/gcc/mips64-elf/14.2.0/../../../../mips64-elf/lib/libdragon.a(ffunicode.o)
                              /opt/libdragon/bin/../lib/gcc/mips64-elf/14.2.0/../../../../mips64-elf/lib/libdragon.a(ff.o) (ff_uni2oem)
/opt/libdragon/bin/../lib/gcc/mips64-elf/14.2.0/../../../../mips64-elf/lib/libdragon.a(dragonfs.o)
                              build/pong.o (dfs_init)
/opt/libdragon/bin/../lib/gcc/mips64-elf/14.2.0/../../../../mips64-elf/lib/libdragon.a(display.o)
                              build/pong.o (display_init)
/opt/libdragon/bin/../lib/gcc/mips64-elf/14.2.0/../../../../mips64-elf/lib/libdragon.a(surface.o)
                              /opt/libdragon/bin/../lib/gcc/mips64-elf/14.2.0/../../../../mips64-elf/lib/libdragon.a(display.o) (surface_alloc)
/opt/libdragon/bin/../lib/gcc/mips64-elf/14.2.0/../../../../mips64-elf/lib/libdragon.a(controller.o)
                              build/pong.o (controller_init)
/opt/libdragon/bin/../lib/gcc/mips64-elf/14.2.0/../../../../mips64-elf/lib/libdragon.a(graphics.o)
                              build/pong.o (graphics_set_color)
/opt/libdragon/bin/../lib/gcc/mips64-elf/14.2.0/../../../../mips64-elf/lib/libdragon.a(rsp.o)
                              /opt/libdragon/bin/../lib/gcc/mips64-elf/14.2.0/../../../../mips64-elf/lib/libdragon.a(display.o) (__rsp_crash)
/opt/libdragon/bin/../lib/gcc/mips64-elf/14.2.0/../../../../mips64-elf/lib/libdragon.a(rsp_crash.o)
                              /opt/libdragon/bin/../lib/gcc/mips64-elf/14.2.0/../../../../mips64-elf/lib/libdragon.a(rsp.o) (rsp_crash_data_start)
/opt/libdragon/bin/../lib/gcc/mips64-elf/14.2.0/../../../../mips64-elf/lib/libdragon.a(inspector.o)
                              /opt/libdragon/bin/../lib/gcc/mips64-elf/14.2.0/../../../../mips64-elf/lib/libdragon.a(debug.o) (__inspector_assertion)
/opt/libdragon/bin/../lib/gcc/mips64-elf/14.2.0/../../../../mips64-elf/lib/libdragon.a(sprite.o)
                              /opt/libdragon/bin/../lib/gcc/mips64-elf/14.2.0/../../../../mips64-elf/lib/libdragon.a(graphics.o) (__sprite_upgrade)
/opt/libdragon/bin/../lib/gcc/mips64-elf/14.2.0/../../../../mips64-elf/lib/libdragon.a(dma.o)
                              /opt/libdragon/bin/../lib/gcc/mips64-elf/14.2.0/../../../../mips64-elf/lib/libdragon.a(debug.o) (io_accessible)
/opt/libdragon/bin/../lib/gcc/mips64-elf/14.2.0/../../../../mips64-elf/lib/libdragon.a(timer.o)
                              build/pong.o (timer_init)
/opt/libdragon/bin/../lib/gcc/mips64-elf/14.2.0/../../../../mips64-elf/lib/libdragon.a(exception.o)
                              /opt/libdragon/bin/../lib/gcc/mips64-elf/14.2.0/../../../../mips64-elf/lib/libdragon.a(inspector.o) (__exception_dump_header)
/opt/libdragon/bin/../lib/gcc/mips64-elf/14.2.0/../../../../mips64-elf/lib/libdragon.a(do_ctors.o)
                              /opt/libdragon/bin/../lib/gcc/mips64-elf/14.2.0/../../../../mips64-elf/lib/libdragon.a(entrypoint.o) (__wrap___do_global_ctors)
/opt/libdragon/bin/../lib/gcc/mips64-elf/14.2.0/../../../../mips64-elf/lib/libdragon.a(rdpq_debug.o)
                              /opt/libdragon/bin/../lib/gcc/mips64-elf/14.2.0/../../../../mips64-elf/lib/libdragon.a(rsp.o) (rdpq_trace)
/opt/libdragon/bin/../lib/gcc/mips64-elf/14.2.0/../../../../mips64-elf/lib/libdragon.a(rdpq_rect.o)
                              /opt/libdragon/bin/../lib/gcc/mips64-elf/14.2.0/../../../../mips64-elf/lib/libdragon.a(rdpq_debug.o) (__rdpq_texture_rectangle)
/opt/libdragon/bin/../lib/gcc/mips64-elf/14.2.0/../../../../mips64-elf/lib/libdragon.a(rdpq_mode.o)
                              /opt/libdragon/bin/../lib/gcc/mips64-elf/14.2.0/../../../../mips64-elf/lib/libdragon.a(rdpq_debug.o) (rdpq_mode_push)
/opt/libdragon/bin/../lib/gcc/mips64-elf/14.2.0/../../../../mips64-elf/lib/libdragon.a(rdpq_attach.o)
[...]
Memory Configuration

Name             Origin             Length             Attributes
*default*        0x00000000         0xffffffff

Linker script and memory map

LOAD /opt/libdragon/bin/../lib/gcc/mips64-elf/14.2.0/crti.o
LOAD /opt/libdragon/bin/../lib/gcc/mips64-elf/14.2.0/crtbegin.o
LOAD build/pong.o
LOAD /opt/libdragon/bin/../lib/gcc/mips64-elf/14.2.0/../../../../mips64-elf/lib/libdragon.a
LOAD /opt/libdragon/bin/../lib/gcc/mips64-elf/14.2.0/../../../../mips64-elf/lib/libm.a
LOAD /opt/libdragon/bin/../lib/gcc/mips64-elf/14.2.0/../../../../mips64-elf/lib/libdragonsys.a

.intvectors     0x80000000      0x188
                0x80000000                        . = ALIGN (0x20)
 *(.intvectors)
 .intvectors    0x80000000      0x188 /opt/libdragon/bin/../lib/gcc/mips64-elf/14.2.0/../../../../mips64-elf/lib/libdragon.a(inthandler.o)
                0x80000188                        __intvectors_end = .

.text           0x80000400    0x1bc10
                0x80000400                        __text_start = .
 *(.boot)
 .boot          0x80000400       0x68 /opt/libdragon/bin/../lib/gcc/mips64-elf/14.2.0/../../../../mips64-elf/lib/libdragon.a(entrypoint.o)
                0x80000400                _start
                0x80000470                        . = ALIGN (0x10)
 *fill*         0x80000468        0x8 
 *(.text)
 *fill*         0x80000470       0x10 
 .text          0x80000480      0x380 /opt/libdragon/bin/../lib/gcc/mips64-elf/14.2.0/../../../../mips64-elf/lib/libdragon.a(inthandler.o)
                0x80000480                inthandler
                0x80000800                inthandler_end
 .text          0x80000800       0x18 /opt/libdragon/bin/../lib/gcc/mips64-elf/14.2.0/../../../../mips64-elf/lib/libc.a(libc_a-abort.o)
                0x80000800                abort
 .text          0x80000818       0x18 /opt/libdragon/bin/../lib/gcc/mips64-elf/14.2.0/../../../../mips64-elf/lib/libc.a(libc_a-calloc.o)
                0x80000818                calloc
 .text          0x80000830      0x120 /opt/libdragon/bin/../lib/gcc/mips64-elf/14.2.0/../../../../mips64-elf/lib/libc.a(libc_a-callocr.o)
                0x80000830                _calloc_r
 .text          0x80000950       0x20 /opt/libdragon/bin/../lib/gcc/mips64-elf/14.2.0/../../../../mips64-elf/lib/libc.a(libc_a-malloc.o)
                0x80000950                malloc
                0x80000960                free
 .text          0x80000970      0x8c8 /opt/libdragon/bin/../lib/gcc/mips64-elf/14.2.0/../../../../mips64-elf/lib/libc.a(libc_a-mallocr.o)
                0x80000970                _malloc_r
 .text          0x80001238       0x20 /opt/libdragon/bin/../lib/gcc/mips64-elf/14.2.0/../../../../mips64-elf/lib/libc.a(libc_a-mlock.o)
                0x80001238                __malloc_lock
                0x80001248                __malloc_unlock
 .text          0x80001258       0x18 /opt/libdragon/bin/../lib/gcc/mips64-elf/14.2.0/../../../../mips64-elf/lib/libc.a(libc_a-realloc.o)
                0x80001258                realloc
 .text          0x80001270      0x600 /opt/libdragon/bin/../lib/gcc/mips64-elf/14.2.0/../../../../mips64-elf/lib/libc.a(libc_a-reallocr.o)
                0x80001270                _realloc_r
 .text          0x80001870       0x18 /opt/libdragon/bin/../lib/gcc/mips64-elf/14.2.0/../../../../mips64-elf/lib/libc.a(libc_a-malign.o)
                0x80001870                memalign
 .text          0x80001888      0x200 /opt/libdragon/bin/../lib/gcc/mips64-elf/14.2.0/../../../../mips64-elf/lib/libc.a(libc_a-malignr.o)
                0x80001888                _memalign_r
 .text          0x80001a88     0x2a08 /opt/libdragon/bin/../lib/gcc/mips64-elf/14.2.0/../../../../mips64-elf/lib/libc.a(libc_a-vfprintf.o)
                0x80001a88                _vfprintf_r
                0x80004378                vfprintf
 .text          0x80004490       0x40 /opt/libdragon/bin/../lib/gcc/mips64-elf/14.2.0/../../../../mips64-elf/lib/libc.a(libc_a-sprint_r.o)
                0x80004490                __sprint_r
 .text          0x800044d0      0x458 /opt/libdragon/bin/../lib/gcc/mips64-elf/14.2.0/../../../../mips64-elf/lib/libc.a(libc_a-fflush.o)
                0x800044d0                __sflush_r
                0x80004728                _fflush_r
                0x80004830                fflush
 .text          0x80004928      0x510 /opt/libdragon/bin/../lib/gcc/mips64-elf/14.2.0/../../../../mips64-elf/lib/libc.a(libc_a-findfp.o)
                0x80004bc0                __sfp
                0x80004d30                __sinit
                0x80004da8                __sfp_lock_acquire
                0x80004db8                __sfp_lock_release
                0x80004dc8                __fp_lock_all
                0x80004e00                __fp_unlock_all
 .text          0x80004e38       0x68 /opt/libdragon/bin/../lib/gcc/mips64-elf/14.2.0/../../../../mips64-elf/lib/libc.a(libc_a-fprintf.o)
                0x80004e38                _fprintf_r
                0x80004e60                fprintf
 .text          0x80004ea0      0x190 /opt/libdragon/bin/../lib/gcc/mips64-elf/14.2.0/../../../../mips64-elf/lib/libc.a(libc_a-fputc.o)
                0x80004ea0                _fputc_r
                0x80004f68                fputc
 .text          0x80005030      0x508 /opt/libdragon/bin/../lib/gcc/mips64-elf/14.2.0/../../../../mips64-elf/lib/libc.a(libc_a-fvwrite.o)
                0x80005030                __sfvwrite_r
 .text          0x80005538       0xc0 /opt/libdragon/bin/../lib/gcc/mips64-elf/14.2.0/../../../../mips64-elf/lib/libc.a(libc_a-fwalk.o)
                0x80005538                _fwalk_sglue
 .text          0x800055f8      0x250 /opt/libdragon/bin/../lib/gcc/mips64-elf/14.2.0/../../../../mips64-elf/lib/libc.a(libc_a-fwrite.o)
                0x800055f8                _fwrite_r
                0x80005818                fwrite
 .text          0x80005848       0x78 /opt/libdragon/bin/../lib/gcc/mips64-elf/14.2.0/../../../../mips64-elf/lib/libc.a(libc_a-printf.o)
                0x80005848                _printf_r
                0x80005880                printf
 .text          0x800058c0      0x240 /opt/libdragon/bin/../lib/gcc/mips64-elf/14.2.0/../../../../mips64-elf/lib/libc.a(libc_a-putc.o)
                0x800058c0                _putc_r
                0x800059d0                putc
 .text          0x80005b00       0x20 /opt/libdragon/bin/../lib/gcc/mips64-elf/14.2.0/../../../../mips64-elf/lib/libc.a(libc_a-putchar.o)
                0x80005b00                _putchar_r
                0x80005b08                putchar
 .text          0x80005b20      0x1a8 /opt/libdragon/bin/../lib/gcc/mips64-elf/14.2.0/../../../../mips64-elf/lib/libc.a(libc_a-puts.o)
                0x80005b20                _puts_r
                0x80005cb8                puts
 .text          0x80005cc8      0x1c8 /opt/libdragon/bin/../lib/gcc/mips64-elf/14.2.0/../../../../mips64-elf/lib/libc.a(libc_a-snprintf.o)
                0x80005cc8                _snprintf_r
                0x80005da8                snprintf
 .text          0x80005e90       0xe0 /opt/libdragon/bin/../lib/gcc/mips64-elf/14.2.0/../../../../mips64-elf/lib/libc.a(libc_a-sprintf.o)
                0x80005e90                _sprintf_r
                0x80005ef8                sprintf
 .text          0x80005f70      0x190 /opt/libdragon/bin/../lib/gcc/mips64-elf/14.2.0/../../../../mips64-elf/lib/libc.a(libc_a-stdio.o)
                0x80005f70                __sread
                0x80005fc8                __seofread
                0x80005fd0                __swrite
                0x80006090                __sseek
                0x800060f8                __sclose
 .text          0x80006100       0x30 /opt/libdragon/bin/../lib/gcc/mips64-elf/14.2.0/../../../../mips64-elf/lib/libc.a(libc_a-vprintf.o)
                0x80006100                vprintf
                0x80006118                _vprintf_r
 .text          0x80006130      0x1d0 /opt/libdragon/bin/../lib/gcc/mips64-elf/14.2.0/../../../../mips64-elf/lib/libc.a(libc_a-wbuf.o)
                0x80006130                __swbuf_r
                0x800062e8                __swbuf
 .text          0x80006300      0x1e0 /opt/libdragon/bin/../lib/gcc/mips64-elf/14.2.0/../../../../mips64-elf/lib/libc.a(libc_a-wsetup.o)
                0x80006300                __swsetup_r
 .text          0x800064e0       0xf0 /opt/libdragon/bin/../lib/gcc/mips64-elf/14.2.0/../../../../mips64-elf/lib/libc.a(libc_a-memchr.o)
                0x800064e0                memchr
 .text          0x800065d0       0x80 /opt/libdragon/bin/../lib/gcc/mips64-elf/14.2.0/../../../../mips64-elf/lib/libc.a(libc_a-memcmp.o)
                0x800065d0                memcmp
 .text          0x80006650      0x168 /opt/libdragon/bin/../lib/gcc/mips64-elf/14.2.0/../../../../mips64-elf/lib/libc.a(libc_a-memmove.o)
                0x80006650                memmove
 .text          0x800067b8       0x98 /opt/libdragon/bin/../lib/gcc/mips64-elf/14.2.0/../../../../mips64-elf/lib/libc.a(libc_a-strcat.o)
                0x800067b8                strcat
 .text          0x80006850      0x188 /opt/libdragon/bin/../lib/gcc/mips64-elf/14.2.0/../../../../mips64-elf/lib/libc.a(libc_a-strchr.o)
                0x80006850                strchr
 .text          0x800069d8       0xa8 /opt/libdragon/bin/../lib/gcc/mips64-elf/14.2.0/../../../../mips64-elf/lib/libc.a(libc_a-strcpy.o)
                0x800069d8                strcpy
 .text          0x80006a80      0x460 /opt/libdragon/bin/../lib/gcc/mips64-elf/14.2.0/../../../../mips64-elf/lib/libc.a(libc_a-strerror.o)
                0x80006a80                _strerror_r
                0x80006eb0                strerror
                0x80006ec8                strerror_l
 .text          0x80006ee0       0xc8 /opt/libdragon/bin/../lib/gcc/mips64-elf/14.2.0/../../../../mips64-elf/lib/libc.a(libc_a-strncmp.o)
                0x80006ee0                strncmp
 .text          0x80006fa8       0x70 /opt/libdragon/bin/../lib/gcc/mips64-elf/14.2.0/../../../../mips64-elf/lib/libc.a(libc_a-strrchr.o)
                0x80006fa8                strrchr
 .text          0x80007018      0xbb8 /opt/libdragon/bin/../lib/gcc/mips64-elf/14.2.0/../../../../mips64-elf/lib/libc.a(libc_a-strstr.o)
                0x800078d0                strstr
 .text          0x80007bd0        0x8 /opt/libdragon/bin/../lib/gcc/mips64-elf/14.2.0/../../../../mips64-elf/lib/libc.a(libc_a-u_strerr.o)
                0x80007bd0                _user_strerror
 .text          0x80007bd8      0x598 /opt/libdragon/bin/../lib/gcc/mips64-elf/14.2.0/../../../../mips64-elf/lib/libc.a(libc_a-signal.o)
                0x80007bd8                _init_signal_r
                0x80007c40                _signal_r
                0x80007cf0                _raise_r
                0x80007da8                __sigtramp_r
                0x80007e98                raise
                0x80007f60                signal
                0x80008018                _init_signal
                0x80008088                __sigtramp
 .text          0x80008170       0x28 /opt/libdragon/bin/../lib/gcc/mips64-elf/14.2.0/../../../../mips64-elf/lib/libc.a(libc_a-localeconv.o)
                0x80008170                __localeconv_l
                0x80008178                _localeconv_r
                0x80008188                localeconv
 .text          0x80008198       0x50 /opt/libdragon/bin/../lib/gcc/mips64-elf/14.2.0/../../../../mips64-elf/lib/libc.a(libc_a-closer.o)
                0x80008198                _close_r
 .text          0x800081e8       0x58 /opt/libdragon/bin/../lib/gcc/mips64-elf/14.2.0/../../../../mips64-elf/lib/libc.a(libc_a-fstatr.o)
                0x800081e8                _fstat_r
 .text          0x80008240       0x60 /opt/libdragon/bin/../lib/gcc/mips64-elf/14.2.0/../../../../mips64-elf/lib/libc.a(libc_a-lseekr.o)
                0x80008240                _lseek_r
 .text          0x800082a0       0x60 /opt/libdragon/bin/../lib/gcc/mips64-elf/14.2.0/../../../../mips64-elf/lib/libc.a(libc_a-readr.o)
                0x800082a0                _read_r
 .text          0x80008300       0x60 /opt/libdragon/bin/../lib/gcc/mips64-elf/14.2.0/../../../../mips64-elf/lib/libc.a(libc_a-signalr.o)
                0x80008300                _kill_r
                0x80008358                _getpid_r
 .text          0x80008360       0x50 /opt/libdragon/bin/../lib/gcc/mips64-elf/14.2.0/../../../../mips64-elf/lib/libc.a(libc_a-sbrkr.o)
                0x80008360                _sbrk_r
 .text          0x800083b0       0x60 /opt/libdragon/bin/../lib/gcc/mips64-elf/14.2.0/../../../../mips64-elf/lib/libc.a(libc_a-writer.o)
                0x800083b0                _write_r
 .text          0x80008410        0x8 /opt/libdragon/bin/../lib/gcc/mips64-elf/14.2.0/../../../../mips64-elf/lib/libc.a(libc_a-errno.o)
                0x80008410                __errno
 .text          0x80008418       0x50 /opt/libdragon/bin/../lib/gcc/mips64-elf/14.2.0/../../../../mips64-elf/lib/libc.a(libc_a-lock.o)
                0x80008418                __retarget_lock_init
                0x80008420                __retarget_lock_init_recursive
                0x80008428                __retarget_lock_close
                0x80008430                __retarget_lock_close_recursive
                0x80008438                __retarget_lock_acquire
                0x80008440                __retarget_lock_acquire_recursive
                0x80008448                __retarget_lock_try_acquire
                0x80008450                __retarget_lock_try_acquire_recursive
                0x80008458                __retarget_lock_release
                0x80008460                __retarget_lock_release_recursive
 .text          0x80008468       0x18 /opt/libdragon/bin/../lib/gcc/mips64-elf/14.2.0/../../../../mips64-elf/lib/libc.a(libc_a-strlen.o)
                0x80008468                strlen
 .text          0x80008480      0x240 /opt/libdragon/bin/../lib/gcc/mips64-elf/14.2.0/../../../../mips64-elf/lib/libc.a(libc_a-strcmp.o)
                0x80008480                strcmp
 .text          0x800086c0      0x11c /opt/libdragon/bin/../lib/gcc/mips64-elf/14.2.0/../../../../mips64-elf/lib/libc.a(libc_a-memset.o)
                0x800086c0                memset
 .text          0x800087dc      0x370 /opt/libdragon/bin/../lib/gcc/mips64-elf/14.2.0/../../../../mips64-elf/lib/libc.a(libc_a-memcpy.o)
                0x800087dc                memcpy
 *fill*         0x80008b4c        0x4 
 .text          0x80008b50     0x1810 /opt/libdragon/bin/../lib/gcc/mips64-elf/14.2.0/../../../../mips64-elf/lib/libc.a(libc_a-dtoa.o)
                0x80008da0                _dtoa_r
 .text          0x8000a360      0x470 /opt/libdragon/bin/../lib/gcc/mips64-elf/14.2.0/../../../../mips64-elf/lib/libc.a(libc_a-freer.o)
                0x8000a360                _malloc_trim_r
                0x8000a4a0                _free_r
 .text          0x8000a7d0     0x1480 /opt/libdragon/bin/../lib/gcc/mips64-elf/14.2.0/../../../../mips64-elf/lib/libc.a(libc_a-mprec.o)
                0x8000a7d0                _Balloc
                0x8000a880                _Bfree
                0x8000a8b0                __multadd
                0x8000aa08                __s2b
                0x8000ab88                __hi0bits
                0x8000ac30                __lo0bits
                0x8000ad48                __i2b
                0x8000ae20                __multiply
                0x8000b0a8                __pow5mult
                0x8000b210                __lshift
                0x8000b3c8                __mcmp
                0x8000b430                __mdiff
                0x8000b6a8                __ulp
                0x8000b758                __b2d
                0x8000b8f0                __d2b
                0x8000ba48                __ratio
                0x8000bb08                _mprec_log10
                0x8000bb48                __copybits
                0x8000bbd0                __any_on
 .text          0x8000bc50     0x2718 /opt/libdragon/bin/../lib/gcc/mips64-elf/14.2.0/../../../../mips64-elf/lib/libc.a(libc_a-svfprintf.o)
                0x8000bc50                _svfprintf_r
 .text          0x8000e368       0xc8 /opt/libdragon/bin/../lib/gcc/mips64-elf/14.2.0/../../../../mips64-elf/lib/libc.a(libc_a-ssprint_r.o)
                0x8000e368                __ssprint_r
 .text          0x8000e430      0x1b0 /opt/libdragon/bin/../lib/gcc/mips64-elf/14.2.0/../../../../mips64-elf/lib/libc.a(libc_a-fclose.o)
                0x8000e430                _fclose_r
                0x8000e5d0                fclose
 .text          0x8000e5e0      0x230 /opt/libdragon/bin/../lib/gcc/mips64-elf/14.2.0/../../../../mips64-elf/lib/libc.a(libc_a-makebuf.o)
                0x8000e5e0                __smakebuf_r
                0x8000e760                __swhatbuf_r
 .text          0x8000e810       0x40 /opt/libdragon/bin/../lib/gcc/mips64-elf/14.2.0/../../../../mips64-elf/lib/libc.a(libc_a-strnlen.o)
                0x8000e810                strnlen
 .text          0x8000e850       0x50 /opt/libdragon/bin/../lib/gcc/mips64-elf/14.2.0/../../../../mips64-elf/lib/libc.a(libc_a-isattyr.o)
                0x8000e850                _isatty_r
 .text          0x8000e8a0       0x70 /opt/libdragon/bin/../lib/gcc/mips64-elf/14.2.0/../../../../mips64-elf/lib/libc.a(libc_a-mbtowc_r.o)
                0x8000e8a0                _mbtowc_r
                0x8000e8b0                __ascii_mbtowc
 .text          0x8000e910       0x48 /opt/libdragon/bin/../lib/gcc/mips64-elf/14.2.0/../../../../mips64-elf/lib/libc.a(libc_a-wctomb_r.o)
                0x8000e910                _wctomb_r
                0x8000e920                __ascii_wctomb
 .text          0x8000e958      0x188 /opt/libdragon/bin/../lib/gcc/mips64-elf/14.2.0/../../../../mips64-elf/lib/libc.a(libc_a-ssputs_r.o)
                0x8000e958                __ssputs_r
 *(.text.*)
 .text.startup.main
                0x8000eae0     0x1520 build/pong.o
                0x8000eae0                main
 .text.cb.0     0x80010000       0xa0 /opt/libdragon/bin/../lib/gcc/mips64-elf/14.2.0/../../../../mips64-elf/lib/libdragon.a(debug.o)
 .text.debug_assert_func_f
                0x800100a0       0xe0 /opt/libdragon/bin/../lib/gcc/mips64-elf/14.2.0/../../../../mips64-elf/lib/libdragon.a(debug.o)
                0x800100a0                debug_assert_func_f
 .text.debug_assert_func
                0x80010180       0x20 /opt/libdragon/bin/../lib/gcc/mips64-elf/14.2.0/../../../../mips64-elf/lib/libdragon.a(debug.o)
                0x80010180                debug_assert_func
 .text.debug_hexdump
                0x800101a0      0x280 /opt/libdragon/bin/../lib/gcc/mips64-elf/14.2.0/../../../../mips64-elf/lib/libdragon.a(debug.o)
                0x800101a0                debug_hexdump
 .text.__debug_backtrace
                0x80010420      0x100 /opt/libdragon/bin/../lib/gcc/mips64-elf/14.2.0/../../../../mips64-elf/lib/libdragon.a(debug.o)
                0x80010420                __debug_backtrace
 .text.debug_backtrace
                0x80010520       0x20 /opt/libdragon/bin/../lib/gcc/mips64-elf/14.2.0/../../../../mips64-elf/lib/libdragon.a(debug.o)
                0x80010520                debug_backtrace
 .text.get_next_token
                0x80010540       0xc0 /opt/libdragon/bin/../lib/gcc/mips64-elf/14.2.0/../../../../mips64-elf/lib/libdragon.a(dragonfs.o)
 .text.__fstat  0x80010600       0x40 /opt/libdragon/bin/../lib/gcc/mips64-elf/14.2.0/../../../../mips64-elf/lib/libdragon.a(dragonfs.o)
 .text.lookup_file
                0x80010640      0x240 /opt/libdragon/bin/../lib/gcc/mips64-elf/14.2.0/../../../../mips64-elf/lib/libdragon.a(dragonfs.o)
 .text.__close  0x80010880       0x40 /opt/libdragon/bin/../lib/gcc/mips64-elf/14.2.0/../../../../mips64-elf/lib/libdragon.a(dragonfs.o)
 .text.recurse_path
                0x800108c0      0x3c0 /opt/libdragon/bin/../lib/gcc/mips64-elf/14.2.0/../../../../mips64-elf/lib/libdragon.a(dragonfs.o)
 .text.__findnext
                0x80010c80       0xe0 /opt/libdragon/bin/../lib/gcc/mips64-elf/14.2.0/../../../../mips64-elf/lib/libdragon.a(dragonfs.o)
 .text.__dfs_findfirst
                0x80010d60       0xc0 /opt/libdragon/bin/../lib/gcc/mips64-elf/14.2.0/../../../../mips64-elf/lib/libdragon.a(dragonfs.o)
 .text.__findfirst
                0x80010e20       0x60 /opt/libdragon/bin/../lib/gcc/mips64-elf/14.2.0/../../../../mips64-elf/lib/libdragon.a(dragonfs.o)
 .text.__lseek  0x80010e80       0xa0 /opt/libdragon/bin/../lib/gcc/mips64-elf/14.2.0/../../../../mips64-elf/lib/libdragon.a(dragonfs.o)
 .text.dfs_open
                0x80010f20      0x180 /opt/libdragon/bin/../lib/gcc/mips64-elf/14.2.0/../../../../mips64-elf/lib/libdragon.a(dragonfs.o)
                0x80010f20                dfs_open
 .text.__open   0x800110a0       0xc0 /opt/libdragon/bin/../lib/gcc/mips64-elf/14.2.0/../../../../mips64-elf/lib/libdragon.a(dragonfs.o)
 .text.dfs_read
                0x80011160      0x1c0 /opt/libdragon/bin/../lib/gcc/mips64-elf/14.2.0/../../../../mips64-elf/lib/libdragon.a(dragonfs.o)
                0x80011160                dfs_read
 .text.__read   0x80011320       0x20 /opt/libdragon/bin/../lib/gcc/mips64-elf/14.2.0/../../../../mips64-elf/lib/libdragon.a(dragonfs.o)
 .text.dfs_rom_addr
                0x80011340      0x120 /opt/libdragon/bin/../lib/gcc/mips64-elf/14.2.0/../../../../mips64-elf/lib/libdragon.a(dragonfs.o)
                0x80011340                dfs_rom_addr
 .text.dfs_init
                0x80011460      0x220 /opt/libdragon/bin/../lib/gcc/mips64-elf/14.2.0/../../../../mips64-elf/lib/libdragon.a(dragonfs.o)
                0x80011460                dfs_init
 .text.__display_callback
                0x80011680      0x160 /opt/libdragon/bin/../lib/gcc/mips64-elf/14.2.0/../../../../mips64-elf/lib/libdragon.a(display.o)
 .text.display_show.part.0
                0x800117e0      0x1a0 /opt/libdragon/bin/../lib/gcc/mips64-elf/14.2.0/../../../../mips64-elf/lib/libdragon.a(display.o)
 .text.display_init
                0x80011980      0x5c0 /opt/libdragon/bin/../lib/gcc/mips64-elf/14.2.0/../../../../mips64-elf/lib/libdragon.a(display.o)
                0x80011980                display_init
 .text.display_close
                0x80011f40      0x100 /opt/libdragon/bin/../lib/gcc/mips64-elf/14.2.0/../../../../mips64-elf/lib/libdragon.a(display.o)
                0x80011f40                display_close
 .text.display_try_get
                0x80012040       0xc0 /opt/libdragon/bin/../lib/gcc/mips64-elf/14.2.0/../../../../mips64-elf/lib/libdragon.a(display.o)
                0x80012040                display_try_get
 .text.display_get
                0x80012100      0x100 /opt/libdragon/bin/../lib/gcc/mips64-elf/14.2.0/../../../../mips64-elf/lib/libdragon.a(display.o)
                0x80012100                display_get
 .text.display_show
                0x80012200       0x20 /opt/libdragon/bin/../lib/gcc/mips64-elf/14.2.0/../../../../mips64-elf/lib/libdragon.a(display.o)
                0x80012200                display_show
 .text.display_show_force
                0x80012220       0x40 /opt/libdragon/bin/../lib/gcc/mips64-elf/14.2.0/../../../../mips64-elf/lib/libdragon.a(display.o)
                0x80012220                display_show_force
 .text.display_get_bitdepth
                0x80012260       0x20 /opt/libdragon/bin/../lib/gcc/mips64-elf/14.2.0/../../../../mips64-elf/lib/libdragon.a(display.o)
                0x80012260                display_get_bitdepth
 .text.surface_alloc
                0x80012280       0xe0 /opt/libdragon/bin/../lib/gcc/mips64-elf/14.2.0/../../../../mips64-elf/lib/libdragon.a(surface.o)
                0x80012280                surface_alloc
 .text.surface_free
                0x80012360       0x80 /opt/libdragon/bin/../lib/gcc/mips64-elf/14.2.0/../../../../mips64-elf/lib/libdragon.a(surface.o)
                0x80012360                surface_free
 .text.controller_interrupt_update
                0x800123e0       0x60 /opt/libdragon/bin/../lib/gcc/mips64-elf/14.2.0/../../../../mips64-elf/lib/libdragon.a(controller.o)
 .text.controller_interrupt
                0x80012440       0x40 /opt/libdragon/bin/../lib/gcc/mips64-elf/14.2.0/../../../../mips64-elf/lib/libdragon.a(controller.o)
 .text.controller_init
                0x80012480       0xa0 /opt/libdragon/bin/../lib/gcc/mips64-elf/14.2.0/../../../../mips64-elf/lib/libdragon.a(controller.o)
                0x80012480                controller_init
 .text.controller_read
                0x80012520       0x20 /opt/libdragon/bin/../lib/gcc/mips64-elf/14.2.0/../../../../mips64-elf/lib/libdragon.a(controller.o)
                0x80012520                controller_read
 .text.controller_scan
                0x80012540       0xe0 /opt/libdragon/bin/../lib/gcc/mips64-elf/14.2.0/../../../../mips64-elf/lib/libdragon.a(controller.o)
                0x80012540                controller_scan
 .text.get_keys_held
                0x80012620       0x80 /opt/libdragon/bin/../lib/gcc/mips64-elf/14.2.0/../../../../mips64-elf/lib/libdragon.a(controller.o)
                0x80012620                get_keys_held
 .text.get_keys_pressed
                0x800126a0       0x60 /opt/libdragon/bin/../lib/gcc/mips64-elf/14.2.0/../../../../mips64-elf/lib/libdragon.a(controller.o)
                0x800126a0                get_keys_pressed
 .text.graphics_draw_character.part.0
                0x80012700      0x4e0 /opt/libdragon/bin/../lib/gcc/mips64-elf/14.2.0/../../../../mips64-elf/lib/libdragon.a(graphics.o)
 .text.graphics_draw_sprite_trans_stride.part.0
                0x80012be0      0x380 /opt/libdragon/bin/../lib/gcc/mips64-elf/14.2.0/../../../../mips64-elf/lib/libdragon.a(graphics.o)
 .text.graphics_set_color
                0x80012f60       0x20 /opt/libdragon/bin/../lib/gcc/mips64-elf/14.2.0/../../../../mips64-elf/lib/libdragon.a(graphics.o)
                0x80012f60                graphics_set_color
 .text.graphics_draw_box
                0x80012f80      0x120 /opt/libdragon/bin/../lib/gcc/mips64-elf/14.2.0/../../../../mips64-elf/lib/libdragon.a(graphics.o)
                0x80012f80                graphics_draw_box
 .text.graphics_fill_screen
                0x800130a0       0x80 /opt/libdragon/bin/../lib/gcc/mips64-elf/14.2.0/../../../../mips64-elf/lib/libdragon.a(graphics.o)
                0x800130a0                graphics_fill_screen
 .text.graphics_set_default_font
                0x80013120       0x20 /opt/libdragon/bin/../lib/gcc/mips64-elf/14.2.0/../../../../mips64-elf/lib/libdragon.a(graphics.o)
                0x80013120                graphics_set_default_font
 .text.graphics_set_font_sprite
                0x80013140       0x60 /opt/libdragon/bin/../lib/gcc/mips64-elf/14.2.0/../../../../mips64-elf/lib/libdragon.a(graphics.o)
                0x80013140                graphics_set_font_sprite
 .text.graphics_draw_character
                0x800131a0       0x20 /opt/libdragon/bin/../lib/gcc/mips64-elf/14.2.0/../../../../mips64-elf/lib/libdragon.a(graphics.o)
                0x800131a0                graphics_draw_character
 .text.graphics_draw_text
                0x800131c0      0x120 /opt/libdragon/bin/../lib/gcc/mips64-elf/14.2.0/../../../../mips64-elf/lib/libdragon.a(graphics.o)
                0x800131c0                graphics_draw_text
 .text.graphics_draw_sprite_trans
                0x800132e0       0x40 /opt/libdragon/bin/../lib/gcc/mips64-elf/14.2.0/../../../../mips64-elf/lib/libdragon.a(graphics.o)
                0x800132e0                graphics_draw_sprite_trans
 .text.rsp_load_code
                0x80013320      0x100 /opt/libdragon/bin/../lib/gcc/mips64-elf/14.2.0/../../../../mips64-elf/lib/libdragon.a(rsp.o)
                0x80013320                rsp_load_code
 .text.rsp_load_data
                0x80013420       0xe0 /opt/libdragon/bin/../lib/gcc/mips64-elf/14.2.0/../../../../mips64-elf/lib/libdragon.a(rsp.o)
                0x80013420                rsp_load_data
 .text.rsp_read_code
                0x80013500       0xe0 /opt/libdragon/bin/../lib/gcc/mips64-elf/14.2.0/../../../../mips64-elf/lib/libdragon.a(rsp.o)
                0x80013500                rsp_read_code
 .text.rsp_read_data
                0x800135e0       0xe0 /opt/libdragon/bin/../lib/gcc/mips64-elf/14.2.0/../../../../mips64-elf/lib/libdragon.a(rsp.o)
                0x800135e0                rsp_read_data
 .text.__rsp_crash
                0x800136c0      0xbe0 /opt/libdragon/bin/../lib/gcc/mips64-elf/14.2.0/../../../../mips64-elf/lib/libdragon.a(rsp.o)
                0x800136c0                __rsp_crash
 .text.__rsp_check_assert
                0x800142a0       0x80 /opt/libdragon/bin/../lib/gcc/mips64-elf/14.2.0/../../../../mips64-elf/lib/libdragon.a(rsp.o)
                0x800142a0                __rsp_check_assert
 .text.rsp_wait
                0x80014320      0x100 /opt/libdragon/bin/../lib/gcc/mips64-elf/14.2.0/../../../../mips64-elf/lib/libdragon.a(rsp.o)
                0x80014320                rsp_wait
 .text.rsp_run  0x80014420       0x60 /opt/libdragon/bin/../lib/gcc/mips64-elf/14.2.0/../../../../mips64-elf/lib/libdragon.a(rsp.o)
                0x80014420                rsp_run
 .text.cb.2     0x80014480       0x60 /opt/libdragon/bin/../lib/gcc/mips64-elf/14.2.0/../../../../mips64-elf/lib/libdragon.a(inspector.o)
 .text.cb.1     0x800144e0       0x60 /opt/libdragon/bin/../lib/gcc/mips64-elf/14.2.0/../../../../mips64-elf/lib/libdragon.a(inspector.o)
 .text.cb.0     0x80014540      0x120 /opt/libdragon/bin/../lib/gcc/mips64-elf/14.2.0/../../../../mips64-elf/lib/libdragon.a(inspector.o)
 .text.cb.3     0x80014660      0x120 /opt/libdragon/bin/../lib/gcc/mips64-elf/14.2.0/../../../../mips64-elf/lib/libdragon.a(inspector.o)
 .text.inspector_stdout
                0x80014780      0x240 /opt/libdragon/bin/../lib/gcc/mips64-elf/14.2.0/../../../../mips64-elf/lib/libdragon.a(inspector.o)
 .text.title    0x800149c0       0xa0 /opt/libdragon/bin/../lib/gcc/mips64-elf/14.2.0/../../../../mips64-elf/lib/libdragon.a(inspector.o)
 .text.mips_disasm
                0x80014a60      0x6c0 /opt/libdragon/bin/../lib/gcc/mips64-elf/14.2.0/../../../../mips64-elf/lib/libdragon.a(inspector.o)
 .text.inspector
                0x80015120      0xc20 /opt/libdragon/bin/../lib/gcc/mips64-elf/14.2.0/../../../../mips64-elf/lib/libdragon.a(inspector.o)
 .text.handler.4
                0x80015d40       0x40 /opt/libdragon/bin/../lib/gcc/mips64-elf/14.2.0/../../../../mips64-elf/lib/libdragon.a(inspector.o)
 .text.__inspector_exception
                0x80015d80       0x20 /opt/libdragon/bin/../lib/gcc/mips64-elf/14.2.0/../../../../mips64-elf/lib/libdragon.a(inspector.o)
                0x80015d80                __inspector_exception
 .text.__inspector_assertion
                0x80015da0       0x20 /opt/libdragon/bin/../lib/gcc/mips64-elf/14.2.0/../../../../mips64-elf/lib/libdragon.a(inspector.o)
                0x80015da0                __inspector_assertion
 .text.startup.__inspector_init
                0x80015dc0       0x20 /opt/libdragon/bin/../lib/gcc/mips64-elf/14.2.0/../../../../mips64-elf/lib/libdragon.a(inspector.o)
                0x80015dc0                __inspector_init
 .text.__sprite_upgrade.part.0
                0x80015de0       0x40 /opt/libdragon/bin/../lib/gcc/mips64-elf/14.2.0/../../../../mips64-elf/lib/libdragon.a(sprite.o)
 .text.sprite_load_buf.part.0
                0x80015e20       0x40 /opt/libdragon/bin/../lib/gcc/mips64-elf/14.2.0/../../../../mips64-elf/lib/libdragon.a(sprite.o)
 .text.__sprite_ext
                0x80015e60       0xa0 /opt/libdragon/bin/../lib/gcc/mips64-elf/14.2.0/../../../../mips64-elf/lib/libdragon.a(sprite.o)
                0x80015e60                __sprite_ext
 .text.__sprite_upgrade
                0x80015f00       0x80 /opt/libdragon/bin/../lib/gcc/mips64-elf/14.2.0/../../../../mips64-elf/lib/libdragon.a(sprite.o)
                0x80015f00                __sprite_upgrade
 .text.sprite_load
                0x80015f80       0xe0 /opt/libdragon/bin/../lib/gcc/mips64-elf/14.2.0/../../../../mips64-elf/lib/libdragon.a(sprite.o)
                0x80015f80                sprite_load
 .text.dma_read_async
                0x80016060      0x4e0 /opt/libdragon/bin/../lib/gcc/mips64-elf/14.2.0/../../../../mips64-elf/lib/libdragon.a(dma.o)
                0x80016060                dma_read_async
 .text.dma_read
                0x80016540       0x40 /opt/libdragon/bin/../lib/gcc/mips64-elf/14.2.0/../../../../mips64-elf/lib/libdragon.a(dma.o)
                0x80016540                dma_read
 .text.io_read  0x80016580       0x60 /opt/libdragon/bin/../lib/gcc/mips64-elf/14.2.0/../../../../mips64-elf/lib/libdragon.a(dma.o)
                0x80016580                io_read
 .text.timer_update_compare
                0x800165e0       0x40 /opt/libdragon/bin/../lib/gcc/mips64-elf/14.2.0/../../../../mips64-elf/lib/libdragon.a(timer.o)
 .text.timer_poll
                0x80016620      0x1a0 /opt/libdragon/bin/../lib/gcc/mips64-elf/14.2.0/../../../../mips64-elf/lib/libdragon.a(timer.o)
 .text.timer_init
                0x800167c0       0x60 /opt/libdragon/bin/../lib/gcc/mips64-elf/14.2.0/../../../../mips64-elf/lib/libdragon.a(timer.o)
                0x800167c0                timer_init
 .text.cb.0     0x80016820       0x40 /opt/libdragon/bin/../lib/gcc/mips64-elf/14.2.0/../../../../mips64-elf/lib/libdragon.a(exception.o)
 .text.cb.1     0x80016860       0x80 /opt/libdragon/bin/../lib/gcc/mips64-elf/14.2.0/../../../../mips64-elf/lib/libdragon.a(exception.o)
 .text.is_unmapped_kx64
                0x800168e0      0x1e0 /opt/libdragon/bin/../lib/gcc/mips64-elf/14.2.0/../../../../mips64-elf/lib/libdragon.a(exception.o)
 .text.__get_exception_name.isra.0
                0x80016ac0      0x200 /opt/libdragon/bin/../lib/gcc/mips64-elf/14.2.0/../../../../mips64-elf/lib/libdragon.a(exception.o)
 .text.__exception_dump_header
                0x80016cc0      0x2e0 /opt/libdragon/bin/../lib/gcc/mips64-elf/14.2.0/../../../../mips64-elf/lib/libdragon.a(exception.o)
                0x80016cc0                __exception_dump_header
 .text.__exception_dump_gpr
                0x80016fa0      0x160 /opt/libdragon/bin/../lib/gcc/mips64-elf/14.2.0/../../../../mips64-elf/lib/libdragon.a(exception.o)
                0x80016fa0                __exception_dump_gpr
 .text.__exception_dump_fpr
                0x80017100      0x2a0 /opt/libdragon/bin/../lib/gcc/mips64-elf/14.2.0/../../../../mips64-elf/lib/libdragon.a(exception.o)
                0x80017100                __exception_dump_fpr
 .text.exception_default_handler
                0x800173a0      0x1a0 /opt/libdragon/bin/../lib/gcc/mips64-elf/14.2.0/../../../../mips64-elf/lib/libdragon.a(exception.o)
                0x800173a0                exception_default_handler
 .text.__onCriticalException
                0x80017540       0x60 /opt/libdragon/bin/../lib/gcc/mips64-elf/14.2.0/../../../../mips64-elf/lib/libdragon.a(exception.o)
                0x80017540                __onCriticalException
 .text.register_syscall_handler
                0x800175a0      0x1a0 /opt/libdragon/bin/../lib/gcc/mips64-elf/14.2.0/../../../../mips64-elf/lib/libdragon.a(exception.o)
                0x800175a0                register_syscall_handler
 .text.__onSyscallException
                0x80017740      0x140 /opt/libdragon/bin/../lib/gcc/mips64-elf/14.2.0/../../../../mips64-elf/lib/libdragon.a(exception.o)
                0x80017740                __onSyscallException
 .text.__register_frame_info
                0x80017880       0x20 /opt/libdragon/bin/../lib/gcc/mips64-elf/14.2.0/../../../../mips64-elf/lib/libdragon.a(do_ctors.o)
                0x80017880                __register_frame_info
 .text.__wrap___do_global_ctors
                0x800178a0       0xe0 /opt/libdragon/bin/../lib/gcc/mips64-elf/14.2.0/../../../../mips64-elf/lib/libdragon.a(do_ctors.o)
                0x800178a0                __wrap___do_global_ctors
 .text.data_cache_hit_writeback
                0x80017980       0x60 /opt/libdragon/bin/../lib/gcc/mips64-elf/14.2.0/../../../../mips64-elf/lib/libdragon.a(n64sys.o)
                0x80017980                data_cache_hit_writeback
 .text.__data_cache_hit_invalidate
                0x800179e0       0x60 /opt/libdragon/bin/../lib/gcc/mips64-elf/14.2.0/../../../../mips64-elf/lib/libdragon.a(n64sys.o)
                0x800179e0                __data_cache_hit_invalidate
 .text.data_cache_hit_writeback_invalidate
                0x80017a40       0x60 /opt/libdragon/bin/../lib/gcc/mips64-elf/14.2.0/../../../../mips64-elf/lib/libdragon.a(n64sys.o)
                0x80017a40                data_cache_hit_writeback_invalidate
 .text.inst_cache_hit_invalidate
                0x80017aa0       0x60 /opt/libdragon/bin/../lib/gcc/mips64-elf/14.2.0/../../../../mips64-elf/lib/libdragon.a(n64sys.o)
                0x80017aa0                inst_cache_hit_invalidate
 .text.malloc_uncached_aligned
                0x80017b00       0xc0 /opt/libdragon/bin/../lib/gcc/mips64-elf/14.2.0/../../../../mips64-elf/lib/libdragon.a(n64sys.o)
                0x80017b00                malloc_uncached_aligned
 .text.free_uncached
                0x80017bc0       0x20 /opt/libdragon/bin/../lib/gcc/mips64-elf/14.2.0/../../../../mips64-elf/lib/libdragon.a(n64sys.o)
                0x80017bc0                free_uncached
 .text.get_memory_size
                0x80017be0       0x20 /opt/libdragon/bin/../lib/gcc/mips64-elf/14.2.0/../../../../mips64-elf/lib/libdragon.a(n64sys.o)
                0x80017be0                get_memory_size
 .text.get_tv_type
                0x80017c00       0x20 /opt/libdragon/bin/../lib/gcc/mips64-elf/14.2.0/../../../../mips64-elf/lib/libdragon.a(n64sys.o)
                0x80017c00                get_tv_type
 .text.get_ticks
                0x80017c20       0x40 /opt/libdragon/bin/../lib/gcc/mips64-elf/14.2.0/../../../../mips64-elf/lib/libdragon.a(n64sys.o)
                0x80017c20                get_ticks
 .text.wait_ms  0x80017c60       0x40 /opt/libdragon/bin/../lib/gcc/mips64-elf/14.2.0/../../../../mips64-elf/lib/libdragon.a(n64sys.o)
                0x80017c60                wait_ms
 .text.startup.__init_cop1
                0x80017ca0       0x40 /opt/libdragon/bin/../lib/gcc/mips64-elf/14.2.0/../../../../mips64-elf/lib/libdragon.a(n64sys.o)
                0x80017ca0                __init_cop1
 .text.__MI_handler
                0x80017ce0      0x220 /opt/libdragon/bin/../lib/gcc/mips64-elf/14.2.0/../../../../mips64-elf/lib/libdragon.a(interrupt.o)
                0x80017ce0                __MI_handler
 .text.__TI_handler
                0x80017f00       0x60 /opt/libdragon/bin/../lib/gcc/mips64-elf/14.2.0/../../../../mips64-elf/lib/libdragon.a(interrupt.o)
                0x80017f00                __TI_handler
 .text.__CART_handler
                0x80017f60       0xa0 /opt/libdragon/bin/../lib/gcc/mips64-elf/14.2.0/../../../../mips64-elf/lib/libdragon.a(interrupt.o)
                0x80017f60                __CART_handler
 .text.__RESET_handler
                0x80018000       0x60 /opt/libdragon/bin/../lib/gcc/mips64-elf/14.2.0/../../../../mips64-elf/lib/libdragon.a(interrupt.o)
                0x80018000                __RESET_handler
 .text.register_VI_handler
                0x80018060       0x60 /opt/libdragon/bin/../lib/gcc/mips64-elf/14.2.0/../../../../mips64-elf/lib/libdragon.a(interrupt.o)
                0x80018060                register_VI_handler
 .text.unregister_VI_handler
                0x800180c0       0x60 /opt/libdragon/bin/../lib/gcc/mips64-elf/14.2.0/../../../../mips64-elf/lib/libdragon.a(interrupt.o)
                0x800180c0                unregister_VI_handler
 .text.register_SI_handler
                0x80018120       0x60 /opt/libdragon/bin/../lib/gcc/mips64-elf/14.2.0/../../../../mips64-elf/lib/libdragon.a(interrupt.o)
                0x80018120                register_SI_handler
 .text.register_TI_handler
                0x80018180       0x60 /opt/libdragon/bin/../lib/gcc/mips64-elf/14.2.0/../../../../mips64-elf/lib/libdragon.a(interrupt.o)
                0x80018180                register_TI_handler
 .text.set_VI_interrupt
                0x800181e0       0x40 /opt/libdragon/bin/../lib/gcc/mips64-elf/14.2.0/../../../../mips64-elf/lib/libdragon.a(interrupt.o)
                0x800181e0                set_VI_interrupt
 .text.set_SI_interrupt
                0x80018220       0x20 /opt/libdragon/bin/../lib/gcc/mips64-elf/14.2.0/../../../../mips64-elf/lib/libdragon.a(interrupt.o)
                0x80018220                set_SI_interrupt
 .text.set_TI_interrupt
                0x80018240       0x40 /opt/libdragon/bin/../lib/gcc/mips64-elf/14.2.0/../../../../mips64-elf/lib/libdragon.a(interrupt.o)
                0x80018240                set_TI_interrupt
 .text.startup.__init_interrupts
                0x80018280       0x40 /opt/libdragon/bin/../lib/gcc/mips64-elf/14.2.0/../../../../mips64-elf/lib/libdragon.a(interrupt.o)
                0x80018280                __init_interrupts
 .text.disable_interrupts
                0x800182c0       0x40 /opt/libdragon/bin/../lib/gcc/mips64-elf/14.2.0/../../../../mips64-elf/lib/libdragon.a(interrupt.o)
                0x800182c0                disable_interrupts
 .text.enable_interrupts
                0x80018300       0x80 /opt/libdragon/bin/../lib/gcc/mips64-elf/14.2.0/../../../../mips64-elf/lib/libdragon.a(interrupt.o)
                0x80018300                enable_interrupts
 .text.cb.0     0x80018380       0x40 /opt/libdragon/bin/../lib/gcc/mips64-elf/14.2.0/../../../../mips64-elf/lib/libdragon.a(backtrace.o)
 .text.symt_open
                0x800183c0      0x200 /opt/libdragon/bin/../lib/gcc/mips64-elf/14.2.0/../../../../mips64-elf/lib/libdragon.a(backtrace.o)
 .text.symt_addrtab_entry.isra.0
                0x800185c0       0x60 /opt/libdragon/bin/../lib/gcc/mips64-elf/14.2.0/../../../../mips64-elf/lib/libdragon.a(backtrace.o)
 .text.format_entry
                0x80018620      0x240 /opt/libdragon/bin/../lib/gcc/mips64-elf/14.2.0/../../../../mips64-elf/lib/libdragon.a(backtrace.o)
 .text.symt_addrtab_search
                0x80018860      0x160 /opt/libdragon/bin/../lib/gcc/mips64-elf/14.2.0/../../../../mips64-elf/lib/libdragon.a(backtrace.o)
 .text.__symbolize
                0x800189c0      0x240 /opt/libdragon/bin/../lib/gcc/mips64-elf/14.2.0/../../../../mips64-elf/lib/libdragon.a(backtrace.o)
                0x800189c0                __symbolize
 .text.__bt_analyze_func
                0x80018c00      0x1c0 /opt/libdragon/bin/../lib/gcc/mips64-elf/14.2.0/../../../../mips64-elf/lib/libdragon.a(backtrace.o)
                0x80018c00                __bt_analyze_func
 .text.backtrace_foreach.constprop.0
                0x80018dc0      0x340 /opt/libdragon/bin/../lib/gcc/mips64-elf/14.2.0/../../../../mips64-elf/lib/libdragon.a(backtrace.o)
 .text.backtrace
                0x80019100       0xe0 /opt/libdragon/bin/../lib/gcc/mips64-elf/14.2.0/../../../../mips64-elf/lib/libdragon.a(backtrace.o)
                0x80019100                backtrace
 .text.backtrace_symbols_cb
                0x800191e0      0x300 /opt/libdragon/bin/../lib/gcc/mips64-elf/14.2.0/../../../../mips64-elf/lib/libdragon.a(backtrace.o)
                0x800191e0                backtrace_symbols_cb
 .text.backtrace_frame_print
                0x800194e0       0xa0 /opt/libdragon/bin/../lib/gcc/mips64-elf/14.2.0/../../../../mips64-elf/lib/libdragon.a(backtrace.o)
                0x800194e0                backtrace_frame_print
 .text.backtrace_frame_print_compact
                0x80019580      0x140 /opt/libdragon/bin/../lib/gcc/mips64-elf/14.2.0/../../../../mips64-elf/lib/libdragon.a(backtrace.o)
                0x80019580                backtrace_frame_print_compact
 .text.rompak_search_ext
                0x800196c0      0x200 /opt/libdragon/bin/../lib/gcc/mips64-elf/14.2.0/../../../../mips64-elf/lib/libdragon.a(rompak.o)
                0x800196c0                rompak_search_ext
 .text.__console_render.part.0
                0x800198c0      0x100 /opt/libdragon/bin/../lib/gcc/mips64-elf/14.2.0/../../../../mips64-elf/lib/libdragon.a(console.o)
 .text.__console_write
                0x800199c0      0x320 /opt/libdragon/bin/../lib/gcc/mips64-elf/14.2.0/../../../../mips64-elf/lib/libdragon.a(console.o)
 .text.console_set_render_mode
                0x80019ce0       0x20 /opt/libdragon/bin/../lib/gcc/mips64-elf/14.2.0/../../../../mips64-elf/lib/libdragon.a(console.o)
                0x80019ce0                console_set_render_mode
 .text.console_init
                0x80019d00       0xe0 /opt/libdragon/bin/../lib/gcc/mips64-elf/14.2.0/../../../../mips64-elf/lib/libdragon.a(console.o)
                0x80019d00                console_init
 .text.console_render
                0x80019de0       0x40 /opt/libdragon/bin/../lib/gcc/mips64-elf/14.2.0/../../../../mips64-elf/lib/libdragon.a(console.o)
                0x80019de0                console_render
 .text.console_set_debug
                0x80019e20       0x20 /opt/libdragon/bin/../lib/gcc/mips64-elf/14.2.0/../../../../mips64-elf/lib/libdragon.a(console.o)
                0x80019e20                console_set_debug
 .text.must_open.part.0
                0x80019e40      0x100 /opt/libdragon/bin/../lib/gcc/mips64-elf/14.2.0/../../../../mips64-elf/lib/libdragon.a(asset.o)
 .text.asset_load
                0x80019f40      0x440 /opt/libdragon/bin/../lib/gcc/mips64-elf/14.2.0/../../../../mips64-elf/lib/libdragon.a(asset.o)
                0x80019f40                asset_load
 .text.decompress_lz4_full_inplace
                0x8001a380       0x20 /opt/libdragon/bin/../lib/gcc/mips64-elf/14.2.0/../../../../mips64-elf/lib/libdragon.a(lz4_dec.o)
                0x8001a380                decompress_lz4_full_inplace
 .text.decompress_lz4_init
                0x8001a3a0       0x60 /opt/libdragon/bin/../lib/gcc/mips64-elf/14.2.0/../../../../mips64-elf/lib/libdragon.a(lz4_dec.o)
                0x8001a3a0                decompress_lz4_init
 .text.decompress_lz4_reset
                0x8001a400       0x40 /opt/libdragon/bin/../lib/gcc/mips64-elf/14.2.0/../../../../mips64-elf/lib/libdragon.a(lz4_dec.o)
                0x8001a400                decompress_lz4_reset
 .text.decompress_lz4_read
                0x8001a440      0x400 /opt/libdragon/bin/../lib/gcc/mips64-elf/14.2.0/../../../../mips64-elf/lib/libdragon.a(lz4_dec.o)
                0x8001a440                decompress_lz4_read
 .text.decompress_lz4_full_fast
                0x8001a840      0x1c0 /opt/libdragon/bin/../lib/gcc/mips64-elf/14.2.0/../../../../mips64-elf/lib/libdragon.a(lz4_dec_fast.o)
                0x8001a840                decompress_lz4_full_fast
 .text.__ringbuf_init
                0x8001aa00       0x80 /opt/libdragon/bin/../lib/gcc/mips64-elf/14.2.0/../../../../mips64-elf/lib/libdragon.a(ringbuf.o)
                0x8001aa00                __ringbuf_init
 .text.__ringbuf_write
                0x8001aa80       0xc0 /opt/libdragon/bin/../lib/gcc/mips64-elf/14.2.0/../../../../mips64-elf/lib/libdragon.a(ringbuf.o)
                0x8001aa80                __ringbuf_write
 .text.__ringbuf_copy
                0x8001ab40      0x1a0 /opt/libdragon/bin/../lib/gcc/mips64-elf/14.2.0/../../../../mips64-elf/lib/libdragon.a(ringbuf.o)
                0x8001ab40                __ringbuf_copy
 .text.joybus_msg_send
                0x8001ace0       0x80 /opt/libdragon/bin/../lib/gcc/mips64-elf/14.2.0/../../../../mips64-elf/lib/libdragon.a(joybus.o)
 .text.callback.0
                0x8001ad60       0x80 /opt/libdragon/bin/../lib/gcc/mips64-elf/14.2.0/../../../../mips64-elf/lib/libdragon.a(joybus.o)
 .text.si_interrupt
                0x8001ade0      0x1a0 /opt/libdragon/bin/../lib/gcc/mips64-elf/14.2.0/../../../../mips64-elf/lib/libdragon.a(joybus.o)
 .text.startup.__joybus_init
                0x8001af80       0x60 /opt/libdragon/bin/../lib/gcc/mips64-elf/14.2.0/../../../../mips64-elf/lib/libdragon.a(joybus.o)
                0x8001af80                __joybus_init
 .text.joybus_exec_async
                0x8001afe0      0x1a0 /opt/libdragon/bin/../lib/gcc/mips64-elf/14.2.0/../../../../mips64-elf/lib/libdragon.a(joybus.o)
                0x8001afe0                joybus_exec_async
 .text.joybus_exec
                0x8001b180      0x140 /opt/libdragon/bin/../lib/gcc/mips64-elf/14.2.0/../../../../mips64-elf/lib/libdragon.a(joybus.o)
                0x8001b180                joybus_exec
 .text.__get_fs_link_by_name
                0x8001b2c0       0xe0 /opt/libdragon/bin/../lib/gcc/mips64-elf/14.2.0/../../../../mips64-elf/lib/libdragonsys.a(system.o)
 .text.attach_filesystem
                0x8001b3a0      0x200 /opt/libdragon/bin/../lib/gcc/mips64-elf/14.2.0/../../../../mips64-elf/lib/libdragonsys.a(system.o)
                0x8001b3a0                attach_filesystem
 .text.close    0x8001b5a0       0xe0 /opt/libdragon/bin/../lib/gcc/mips64-elf/14.2.0/../../../../mips64-elf/lib/libdragonsys.a(system.o)
                0x8001b5a0                close
 .text._exit    0x8001b680       0x20 /opt/libdragon/bin/../lib/gcc/mips64-elf/14.2.0/../../../../mips64-elf/lib/libdragonsys.a(system.o)
                0x8001b680                _exit
 .text.fstat    0x8001b6a0      0x100 /opt/libdragon/bin/../lib/gcc/mips64-elf/14.2.0/../../../../mips64-elf/lib/libdragonsys.a(system.o)
                0x8001b6a0                fstat
 .text.getpid   0x8001b7a0       0x40 /opt/libdragon/bin/../lib/gcc/mips64-elf/14.2.0/../../../../mips64-elf/lib/libdragonsys.a(system.o)
                0x8001b7a0                getpid
 .text.isatty   0x8001b7e0       0x40 /opt/libdragon/bin/../lib/gcc/mips64-elf/14.2.0/../../../../mips64-elf/lib/libdragonsys.a(system.o)
                0x8001b7e0                isatty
 .text.kill     0x8001b820       0x40 /opt/libdragon/bin/../lib/gcc/mips64-elf/14.2.0/../../../../mips64-elf/lib/libdragonsys.a(system.o)
                0x8001b820                kill
 .text.lseek    0x8001b860      0x100 /opt/libdragon/bin/../lib/gcc/mips64-elf/14.2.0/../../../../mips64-elf/lib/libdragonsys.a(system.o)
                0x8001b860                lseek
 .text.open     0x8001b960      0x2c0 /opt/libdragon/bin/../lib/gcc/mips64-elf/14.2.0/../../../../mips64-elf/lib/libdragonsys.a(system.o)
                0x8001b960                open
 .text.read     0x8001bc20      0x120 /opt/libdragon/bin/../lib/gcc/mips64-elf/14.2.0/../../../../mips64-elf/lib/libdragonsys.a(system.o)
                0x8001bc20                read
 .text.sbrk     0x8001bd40       0xc0 /opt/libdragon/bin/../lib/gcc/mips64-elf/14.2.0/../../../../mips64-elf/lib/libdragonsys.a(system.o)
                0x8001bd40                sbrk
 .text.write    0x8001be00      0x140 /opt/libdragon/bin/../lib/gcc/mips64-elf/14.2.0/../../../../mips64-elf/lib/libdragonsys.a(system.o)
                0x8001be00                write
 .text.hook_stdio_calls
                0x8001bf40       0x60 /opt/libdragon/bin/../lib/gcc/mips64-elf/14.2.0/../../../../mips64-elf/lib/libdragonsys.a(system.o)
                0x8001bf40                hook_stdio_calls
 .text._flush_cache
                0x8001bfa0       0x40 /opt/libdragon/bin/../lib/gcc/mips64-elf/14.2.0/../../../../mips64-elf/lib/libdragonsys.a(system.o)
                0x8001bfa0                _flush_cache
 .text.__assert_func
                0x8001bfe0       0x20 /opt/libdragon/bin/../lib/gcc/mips64-elf/14.2.0/../../../../mips64-elf/lib/libdragonsys.a(system.o)
                0x8001bfe0                __assert_func
 *(keep.text.*)
 *(.init)
 .init          0x8001c000        0x8 /opt/libdragon/bin/../lib/gcc/mips64-elf/14.2.0/crti.o
                0x8001c000                _init
 *(.fini)
 .fini          0x8001c008        0x8 /opt/libdragon/bin/../lib/gcc/mips64-elf/14.2.0/crti.o
                0x8001c008                _fini
 *(.gnu.linkonce.t.*)
                0x8001c010                        . = ALIGN (0x10)
                0x8001c010                        __text_end = .

.eh_frame_hdr
 *(.eh_frame_hdr)

.eh_frame       0x8001c010        0x4
                0x8001c010                        __EH_FRAME_BEGIN__ = .
 *(.eh_frame)
 .eh_frame      0x8001c010        0x0 /opt/libdragon/bin/../lib/gcc/mips64-elf/14.2.0/crtbegin.o
 .eh_frame      0x8001c010        0x4 /opt/libdragon/bin/../lib/gcc/mips64-elf/14.2.0/crtend.o

.gcc_except_table
 *(.gcc_except_table*)

.jcr
 *(.jcr)

.rodata         0x8001c018     0x51e8
 *(.rdata)
 *(.rodata)
 .rodata        0x8001c018      0x188 /opt/libdragon/bin/../lib/gcc/mips64-elf/14.2.0/../../../../mips64-elf/lib/libc.a(libc_a-vfprintf.o)
 .rodata        0x8001c1a0      0x23c /opt/libdragon/bin/../lib/gcc/mips64-elf/14.2.0/../../../../mips64-elf/lib/libc.a(libc_a-strerror.o)
 *fill*         0x8001c3dc        0x4 
 .rodata        0x8001c3e0      0x128 /opt/libdragon/bin/../lib/gcc/mips64-elf/14.2.0/../../../../mips64-elf/lib/libc.a(libc_a-mprec.o)
                0x8001c3f0                __mprec_tinytens
                0x8001c418                __mprec_bigtens
                0x8001c440                __mprec_tens
 .rodata        0x8001c508      0x288 /opt/libdragon/bin/../lib/gcc/mips64-elf/14.2.0/../../../../mips64-elf/lib/libc.a(libc_a-ctype_.o)
                0x8001c508                _ctype_
                0x8001c610                _ctype_b
 .rodata        0x8001c790      0x188 /opt/libdragon/bin/../lib/gcc/mips64-elf/14.2.0/../../../../mips64-elf/lib/libc.a(libc_a-svfprintf.o)
 *(.rodata.*)
 .rodata.main.str1.8
                0x8001c918     0x36ee build/pong.o
                                0x27f (size before relaxing)
 *fill*         0x80020006        0x2 
 .rodata.main   0x80020008       0x28 build/pong.o
 .rodata.RESOLUTION_640x480
                0x80020030        0xc build/pong.o
 .rodata.cb.0.str1.8
                0x8002003c       0x1d /opt/libdragon/bin/../lib/gcc/mips64-elf/14.2.0/../../../../mips64-elf/lib/libdragon.a(debug.o)
 .rodata.debug_assert_func_f.str1.8
                0x8002003c       0x45 /opt/libdragon/bin/../lib/gcc/mips64-elf/14.2.0/../../../../mips64-elf/lib/libdragon.a(debug.o)
 .rodata.debug_hexdump.str1.8
                0x8002003c       0x2b /opt/libdragon/bin/../lib/gcc/mips64-elf/14.2.0/../../../../mips64-elf/lib/libdragon.a(debug.o)
 .rodata.__debug_backtrace.str1.8
                0x8002003c        0xc /opt/libdragon/bin/../lib/gcc/mips64-elf/14.2.0/../../../../mips64-elf/lib/libdragon.a(debug.o)
 .rodata.__open.str1.8
                0x8002003c        0x2 /opt/libdragon/bin/../lib/gcc/mips64-elf/14.2.0/../../../../mips64-elf/lib/libdragon.a(dragonfs.o)
 .rodata.dfs_read.str1.8
                0x8002003c       0x3f /opt/libdragon/bin/../lib/gcc/mips64-elf/14.2.0/../../../../mips64-elf/lib/libdragon.a(dragonfs.o)
 .rodata.dfs_init.str1.8
                0x8002003c       0x8e /opt/libdragon/bin/../lib/gcc/mips64-elf/14.2.0/../../../../mips64-elf/lib/libdragon.a(dragonfs.o)
 *fill*         0x8002003c        0x4 
 .rodata.__func__.0
                0x80020040       0x16 /opt/libdragon/bin/../lib/gcc/mips64-elf/14.2.0/../../../../mips64-elf/lib/libdragon.a(dragonfs.o)
 *fill*         0x80020056        0x2 
 .rodata.__func__.1
                0x80020058        0x9 /opt/libdragon/bin/../lib/gcc/mips64-elf/14.2.0/../../../../mips64-elf/lib/libdragon.a(dragonfs.o)
 .rodata.display_show.part.0.str1.8
                0x80020061       0xf9 /opt/libdragon/bin/../lib/gcc/mips64-elf/14.2.0/../../../../mips64-elf/lib/libdragon.a(display.o)
 .rodata.display_init.str1.8
                0x80020061      0x251 /opt/libdragon/bin/../lib/gcc/mips64-elf/14.2.0/../../../../mips64-elf/lib/libdragon.a(display.o)
 *fill*         0x80020061        0x3 
 .rodata.display_init
                0x80020064       0x14 /opt/libdragon/bin/../lib/gcc/mips64-elf/14.2.0/../../../../mips64-elf/lib/libdragon.a(display.o)
 .rodata.display_get.str1.8
                0x80020078       0x1c /opt/libdragon/bin/../lib/gcc/mips64-elf/14.2.0/../../../../mips64-elf/lib/libdragon.a(display.o)
 .rodata.__func__.0
                0x80020078        0xd /opt/libdragon/bin/../lib/gcc/mips64-elf/14.2.0/../../../../mips64-elf/lib/libdragon.a(display.o)
 *fill*         0x80020085        0x3 
 .rodata.__func__.1
                0x80020088        0xc /opt/libdragon/bin/../lib/gcc/mips64-elf/14.2.0/../../../../mips64-elf/lib/libdragon.a(display.o)
 *fill*         0x80020094        0x4 
 .rodata.__func__.4
                0x80020098        0xd /opt/libdragon/bin/../lib/gcc/mips64-elf/14.2.0/../../../../mips64-elf/lib/libdragon.a(display.o)
 *fill*         0x800200a5        0x3 
 .rodata.vi_config_presets
                0x800200a8      0x150 /opt/libdragon/bin/../lib/gcc/mips64-elf/14.2.0/../../../../mips64-elf/lib/libdragon.a(display.o)
 .rodata.surface_alloc.str1.8
                0x800201f8       0x62 /opt/libdragon/bin/../lib/gcc/mips64-elf/14.2.0/../../../../mips64-elf/lib/libdragon.a(surface.o)
 .rodata.__func__.1
                0x800201f8        0xe /opt/libdragon/bin/../lib/gcc/mips64-elf/14.2.0/../../../../mips64-elf/lib/libdragon.a(surface.o)
 .rodata.controller_scan.str1.8
                0x80020206       0x51 /opt/libdragon/bin/../lib/gcc/mips64-elf/14.2.0/../../../../mips64-elf/lib/libdragon.a(controller.o)
 *fill*         0x80020206        0x2 
 .rodata.__func__.2
                0x80020208       0x10 /opt/libdragon/bin/../lib/gcc/mips64-elf/14.2.0/../../../../mips64-elf/lib/libdragon.a(controller.o)
 .rodata.SI_read_con_block.8
                0x80020218       0x40 /opt/libdragon/bin/../lib/gcc/mips64-elf/14.2.0/../../../../mips64-elf/lib/libdragon.a(controller.o)
 .rodata.SI_read_con_block.9
                0x80020258       0x40 /opt/libdragon/bin/../lib/gcc/mips64-elf/14.2.0/../../../../mips64-elf/lib/libdragon.a(controller.o)
 .rodata.__font_data
                0x80020298      0x800 /opt/libdragon/bin/../lib/gcc/mips64-elf/14.2.0/../../../../mips64-elf/lib/libdragon.a(graphics.o)
 .rodata.rsp_load_code.str1.8
                0x80020a98       0x47 /opt/libdragon/bin/../lib/gcc/mips64-elf/14.2.0/../../../../mips64-elf/lib/libdragon.a(rsp.o)
 .rodata.rsp_load_data.str1.8
                0x80020a98       0x17 /opt/libdragon/bin/../lib/gcc/mips64-elf/14.2.0/../../../../mips64-elf/lib/libdragon.a(rsp.o)
 .rodata.__rsp_crash.str1.8
                0x80020a98      0x7ef /opt/libdragon/bin/../lib/gcc/mips64-elf/14.2.0/../../../../mips64-elf/lib/libdragon.a(rsp.o)
 .rodata.rsp_wait.str1.8
                0x80020a98       0x1c /opt/libdragon/bin/../lib/gcc/mips64-elf/14.2.0/../../../../mips64-elf/lib/libdragon.a(rsp.o)
 .rodata.__func__.0
                0x80020a98        0x9 /opt/libdragon/bin/../lib/gcc/mips64-elf/14.2.0/../../../../mips64-elf/lib/libdragon.a(rsp.o)
 *fill*         0x80020aa1        0x7 
 .rodata.__func__.1
                0x80020aa8        0xe /opt/libdragon/bin/../lib/gcc/mips64-elf/14.2.0/../../../../mips64-elf/lib/libdragon.a(rsp.o)
 *fill*         0x80020ab6        0x2 
 .rodata.__func__.2
                0x80020ab8        0xe /opt/libdragon/bin/../lib/gcc/mips64-elf/14.2.0/../../../../mips64-elf/lib/libdragon.a(rsp.o)
 *fill*         0x80020ac6        0x2 
 .rodata.__func__.3
                0x80020ac8        0xe /opt/libdragon/bin/../lib/gcc/mips64-elf/14.2.0/../../../../mips64-elf/lib/libdragon.a(rsp.o)
 *fill*         0x80020ad6        0x2 
 .rodata.__func__.4
                0x80020ad8        0xe /opt/libdragon/bin/../lib/gcc/mips64-elf/14.2.0/../../../../mips64-elf/lib/libdragon.a(rsp.o)
 .rodata.str1.8
                0x80020ae6        0xa /opt/libdragon/bin/../lib/gcc/mips64-elf/14.2.0/../../../../mips64-elf/lib/libdragon.a(rsp.o)
 .rodata.cb.2.str1.8
                0x80020ae6       0x22 /opt/libdragon/bin/../lib/gcc/mips64-elf/14.2.0/../../../../mips64-elf/lib/libdragon.a(inspector.o)
 .rodata.cb.1.str1.8
                0x80020ae6        0xc /opt/libdragon/bin/../lib/gcc/mips64-elf/14.2.0/../../../../mips64-elf/lib/libdragon.a(inspector.o)
 .rodata.cb.0.str1.8
                0x80020ae6       0x27 /opt/libdragon/bin/../lib/gcc/mips64-elf/14.2.0/../../../../mips64-elf/lib/libdragon.a(inspector.o)
 .rodata.cb.3.str1.8
                0x80020ae6       0x2a /opt/libdragon/bin/../lib/gcc/mips64-elf/14.2.0/../../../../mips64-elf/lib/libdragon.a(inspector.o)
 *fill*         0x80020ae6        0x2 
 .rodata.inspector_stdout
                0x80020ae8       0x54 /opt/libdragon/bin/../lib/gcc/mips64-elf/14.2.0/../../../../mips64-elf/lib/libdragon.a(inspector.o)
 .rodata.mips_disasm.str1.8
                0x80020b3c      0x1ce /opt/libdragon/bin/../lib/gcc/mips64-elf/14.2.0/../../../../mips64-elf/lib/libdragon.a(inspector.o)
 .rodata.mips_disasm
                0x80020b3c       0xc0 /opt/libdragon/bin/../lib/gcc/mips64-elf/14.2.0/../../../../mips64-elf/lib/libdragon.a(inspector.o)
 .rodata.inspector.str1.8
                0x80020bfc      0x22c /opt/libdragon/bin/../lib/gcc/mips64-elf/14.2.0/../../../../mips64-elf/lib/libdragon.a(inspector.o)
 .rodata.inspector
                0x80020bfc       0x14 /opt/libdragon/bin/../lib/gcc/mips64-elf/14.2.0/../../../../mips64-elf/lib/libdragon.a(inspector.o)
 .rodata.str1.8
                0x80020c10      0x69b /opt/libdragon/bin/../lib/gcc/mips64-elf/14.2.0/../../../../mips64-elf/lib/libdragon.a(inspector.o)
 .rodata.CSWTCH.128
                0x80020c10       0x14 /opt/libdragon/bin/../lib/gcc/mips64-elf/14.2.0/../../../../mips64-elf/lib/libdragon.a(inspector.o)
 *fill*         0x80020c24        0x4 
 .rodata.fpu_ops.7
                0x80020c28      0x100 /opt/libdragon/bin/../lib/gcc/mips64-elf/14.2.0/../../../../mips64-elf/lib/libdragon.a(inspector.o)
 .rodata.special.8
                0x80020d28      0x100 /opt/libdragon/bin/../lib/gcc/mips64-elf/14.2.0/../../../../mips64-elf/lib/libdragon.a(inspector.o)
 .rodata.ops.9  0x80020e28      0x100 /opt/libdragon/bin/../lib/gcc/mips64-elf/14.2.0/../../../../mips64-elf/lib/libdragon.a(inspector.o)
 .rodata.RESOLUTION_640x240
                0x80020f28        0xc /opt/libdragon/bin/../lib/gcc/mips64-elf/14.2.0/../../../../mips64-elf/lib/libdragon.a(inspector.o)
 .rodata.__sprite_upgrade.part.0.str1.8
                0x80020f34       0x85 /opt/libdragon/bin/../lib/gcc/mips64-elf/14.2.0/../../../../mips64-elf/lib/libdragon.a(sprite.o)
 .rodata.sprite_load_buf.part.0.str1.8
                0x80020f34       0x38 /opt/libdragon/bin/../lib/gcc/mips64-elf/14.2.0/../../../../mips64-elf/lib/libdragon.a(sprite.o)
 .rodata.__sprite_ext.str1.8
                0x80020f34       0x58 /opt/libdragon/bin/../lib/gcc/mips64-elf/14.2.0/../../../../mips64-elf/lib/libdragon.a(sprite.o)
 *fill*         0x80020f34        0x4 
 .rodata.__func__.3
                0x80020f38       0x10 /opt/libdragon/bin/../lib/gcc/mips64-elf/14.2.0/../../../../mips64-elf/lib/libdragon.a(sprite.o)
 .rodata.__func__.4
                0x80020f48       0x11 /opt/libdragon/bin/../lib/gcc/mips64-elf/14.2.0/../../../../mips64-elf/lib/libdragon.a(sprite.o)
 *fill*         0x80020f59        0x7 
 .rodata.__func__.5
                0x80020f60        0xd /opt/libdragon/bin/../lib/gcc/mips64-elf/14.2.0/../../../../mips64-elf/lib/libdragon.a(sprite.o)
 .rodata.dma_write_raw_async.part.0.str1.8
                0x80020f6d       0x12 /opt/libdragon/bin/../lib/gcc/mips64-elf/14.2.0/../../../../mips64-elf/lib/libdragon.a(dma.o)
 .rodata.dma_read_async.str1.8
                0x80020f6d       0x8d /opt/libdragon/bin/../lib/gcc/mips64-elf/14.2.0/../../../../mips64-elf/lib/libdragon.a(dma.o)
 *fill*         0x80020f6d        0x3 
 .rodata.__func__.0
                0x80020f70        0xf /opt/libdragon/bin/../lib/gcc/mips64-elf/14.2.0/../../../../mips64-elf/lib/libdragon.a(dma.o)
 .rodata.timer_poll.str1.8
                0x80020f7f       0x89 /opt/libdragon/bin/../lib/gcc/mips64-elf/14.2.0/../../../../mips64-elf/lib/libdragon.a(timer.o)
 *fill*         0x80020f7f        0x1 
 .rodata.__func__.8
                0x80020f80        0xb /opt/libdragon/bin/../lib/gcc/mips64-elf/14.2.0/../../../../mips64-elf/lib/libdragon.a(timer.o)
 .rodata.cb.0.str1.8
                0x80020f8b       0x17 /opt/libdragon/bin/../lib/gcc/mips64-elf/14.2.0/../../../../mips64-elf/lib/libdragon.a(exception.o)
 .rodata.cb.1.str1.8
                0x80020f8b       0x19 /opt/libdragon/bin/../lib/gcc/mips64-elf/14.2.0/../../../../mips64-elf/lib/libdragon.a(exception.o)
 .rodata.__get_exception_name.isra.0.str1.8
                0x80020f8b      0x285 /opt/libdragon/bin/../lib/gcc/mips64-elf/14.2.0/../../../../mips64-elf/lib/libdragon.a(exception.o)
 *fill*         0x80020f8b        0x1 
 .rodata.__get_exception_name.isra.0
                0x80020f8c       0x40 /opt/libdragon/bin/../lib/gcc/mips64-elf/14.2.0/../../../../mips64-elf/lib/libdragon.a(exception.o)
 .rodata.__exception_dump_header.str1.8
                0x80020fcc      0x110 /opt/libdragon/bin/../lib/gcc/mips64-elf/14.2.0/../../../../mips64-elf/lib/libdragon.a(exception.o)
 .rodata.__exception_dump_header
                0x80020fcc       0x60 /opt/libdragon/bin/../lib/gcc/mips64-elf/14.2.0/../../../../mips64-elf/lib/libdragon.a(exception.o)
 .rodata.__exception_dump_gpr.str1.8
                0x8002102c       0x34 /opt/libdragon/bin/../lib/gcc/mips64-elf/14.2.0/../../../../mips64-elf/lib/libdragon.a(exception.o)
 .rodata.__exception_dump_fpr.str1.8
                0x8002102c       0x3e /opt/libdragon/bin/../lib/gcc/mips64-elf/14.2.0/../../../../mips64-elf/lib/libdragon.a(exception.o)
 .rodata.exception_default_handler.str1.8
                0x8002102c       0x3e /opt/libdragon/bin/../lib/gcc/mips64-elf/14.2.0/../../../../mips64-elf/lib/libdragon.a(exception.o)
 .rodata.register_syscall_handler.str1.8
                0x8002102c      0x143 /opt/libdragon/bin/../lib/gcc/mips64-elf/14.2.0/../../../../mips64-elf/lib/libdragon.a(exception.o)
 *fill*         0x8002102c        0x4 
 .rodata.__func__.2
                0x80021030       0x19 /opt/libdragon/bin/../lib/gcc/mips64-elf/14.2.0/../../../../mips64-elf/lib/libdragon.a(exception.o)
 .rodata.str1.8
                0x80021049      0x166 /opt/libdragon/bin/../lib/gcc/mips64-elf/14.2.0/../../../../mips64-elf/lib/libdragon.a(exception.o)
 *fill*         0x80021049        0x7 
 .rodata.exceptionMap.3
                0x80021050       0x80 /opt/libdragon/bin/../lib/gcc/mips64-elf/14.2.0/../../../../mips64-elf/lib/libdragon.a(exception.o)
 .rodata.__do_global_ctors.str1.8
                0x800210d0       0xa1 /opt/libdragon/bin/../lib/gcc/mips64-elf/14.2.0/../../../../mips64-elf/lib/libdragon.a(do_ctors.o)
 .rodata.__wrap___do_global_ctors.str1.8
                0x800210d0       0xbb /opt/libdragon/bin/../lib/gcc/mips64-elf/14.2.0/../../../../mips64-elf/lib/libdragon.a(do_ctors.o)
 .rodata.__func__.0
                0x800210d0       0x19 /opt/libdragon/bin/../lib/gcc/mips64-elf/14.2.0/../../../../mips64-elf/lib/libdragon.a(do_ctors.o)
 .rodata.malloc_uncached_aligned.str1.8
                0x800210e9       0x3d /opt/libdragon/bin/../lib/gcc/mips64-elf/14.2.0/../../../../mips64-elf/lib/libdragon.a(n64sys.o)
 *fill*         0x800210e9        0x7 
 .rodata.__func__.0
                0x800210f0       0x18 /opt/libdragon/bin/../lib/gcc/mips64-elf/14.2.0/../../../../mips64-elf/lib/libdragon.a(n64sys.o)
 .rodata.__CART_handler.str1.8
                0x80021108       0x8a /opt/libdragon/bin/../lib/gcc/mips64-elf/14.2.0/../../../../mips64-elf/lib/libdragon.a(interrupt.o)
 .rodata.enable_interrupts.str1.8
                0x80021108       0x3c /opt/libdragon/bin/../lib/gcc/mips64-elf/14.2.0/../../../../mips64-elf/lib/libdragon.a(interrupt.o)
 .rodata.__func__.0
                0x80021108       0x12 /opt/libdragon/bin/../lib/gcc/mips64-elf/14.2.0/../../../../mips64-elf/lib/libdragon.a(interrupt.o)
 *fill*         0x8002111a        0x6 
 .rodata.__func__.3
                0x80021120        0xf /opt/libdragon/bin/../lib/gcc/mips64-elf/14.2.0/../../../../mips64-elf/lib/libdragon.a(interrupt.o)
 .rodata.symt_open.str1.8
                0x8002112f       0xc3 /opt/libdragon/bin/../lib/gcc/mips64-elf/14.2.0/../../../../mips64-elf/lib/libdragon.a(backtrace.o)
 .rodata.symt_addrtab_entry.isra.0.str1.8
                0x8002112f       0x38 /opt/libdragon/bin/../lib/gcc/mips64-elf/14.2.0/../../../../mips64-elf/lib/libdragon.a(backtrace.o)
 .rodata.format_entry.str1.8
                0x8002112f       0x14 /opt/libdragon/bin/../lib/gcc/mips64-elf/14.2.0/../../../../mips64-elf/lib/libdragon.a(backtrace.o)
 .rodata.__symbolize.str1.8
                0x8002112f       0x13 /opt/libdragon/bin/../lib/gcc/mips64-elf/14.2.0/../../../../mips64-elf/lib/libdragon.a(backtrace.o)
 .rodata.__bt_analyze_func.str1.8
                0x8002112f       0x42 /opt/libdragon/bin/../lib/gcc/mips64-elf/14.2.0/../../../../mips64-elf/lib/libdragon.a(backtrace.o)
 .rodata.backtrace_foreach.constprop.0.str1.8
                0x8002112f       0x81 /opt/libdragon/bin/../lib/gcc/mips64-elf/14.2.0/../../../../mips64-elf/lib/libdragon.a(backtrace.o)
 .rodata.backtrace_symbols_cb.str1.8
                0x8002112f       0x22 /opt/libdragon/bin/../lib/gcc/mips64-elf/14.2.0/../../../../mips64-elf/lib/libdragon.a(backtrace.o)
 .rodata.backtrace_frame_print.str1.8
                0x8002112f       0x35 /opt/libdragon/bin/../lib/gcc/mips64-elf/14.2.0/../../../../mips64-elf/lib/libdragon.a(backtrace.o)
 .rodata.backtrace_frame_print_compact.str1.8
                0x8002112f       0x2a /opt/libdragon/bin/../lib/gcc/mips64-elf/14.2.0/../../../../mips64-elf/lib/libdragon.a(backtrace.o)
 *fill*         0x8002112f        0x1 
 .rodata.__func__.3
                0x80021130       0x13 /opt/libdragon/bin/../lib/gcc/mips64-elf/14.2.0/../../../../mips64-elf/lib/libdragon.a(backtrace.o)
 .rodata.rompak_search_ext.str1.8
                0x80021143       0xb7 /opt/libdragon/bin/../lib/gcc/mips64-elf/14.2.0/../../../../mips64-elf/lib/libdragon.a(rompak.o)
 *fill*         0x80021143        0x5 
 .rodata.__func__.0
                0x80021148       0x12 /opt/libdragon/bin/../lib/gcc/mips64-elf/14.2.0/../../../../mips64-elf/lib/libdragon.a(rompak.o)
 *fill*         0x8002115a        0x6 
 .rodata.RESOLUTION_640x240
                0x80021160        0xc /opt/libdragon/bin/../lib/gcc/mips64-elf/14.2.0/../../../../mips64-elf/lib/libdragon.a(console.o)
 .rodata.readfn_cmp.str1.8
                0x8002116c       0x64 /opt/libdragon/bin/../lib/gcc/mips64-elf/14.2.0/../../../../mips64-elf/lib/libdragon.a(asset.o)
 .rodata.must_open.part.0.str1.8
                0x8002116c       0xd3 /opt/libdragon/bin/../lib/gcc/mips64-elf/14.2.0/../../../../mips64-elf/lib/libdragon.a(asset.o)
 .rodata.asset_load.str1.8
                0x8002116c      0x210 /opt/libdragon/bin/../lib/gcc/mips64-elf/14.2.0/../../../../mips64-elf/lib/libdragon.a(asset.o)
 *fill*         0x8002116c        0x4 
 .rodata.__func__.3
                0x80021170       0x13 /opt/libdragon/bin/../lib/gcc/mips64-elf/14.2.0/../../../../mips64-elf/lib/libdragon.a(asset.o)
 *fill*         0x80021183        0x5 
 .rodata.__func__.4
                0x80021188        0xb /opt/libdragon/bin/../lib/gcc/mips64-elf/14.2.0/../../../../mips64-elf/lib/libdragon.a(asset.o)
 *fill*         0x80021193        0x5 
 .rodata.__func__.5
                0x80021198        0xa /opt/libdragon/bin/../lib/gcc/mips64-elf/14.2.0/../../../../mips64-elf/lib/libdragon.a(asset.o)
 .rodata.__ringbuf_init.str1.8
                0x800211a2       0x3f /opt/libdragon/bin/../lib/gcc/mips64-elf/14.2.0/../../../../mips64-elf/lib/libdragon.a(ringbuf.o)
 *fill*         0x800211a2        0x6 
 .rodata.__func__.0
                0x800211a8        0xf /opt/libdragon/bin/../lib/gcc/mips64-elf/14.2.0/../../../../mips64-elf/lib/libdragon.a(ringbuf.o)
 .rodata.joybus_msg_send.str1.8
                0x800211b7       0x55 /opt/libdragon/bin/../lib/gcc/mips64-elf/14.2.0/../../../../mips64-elf/lib/libdragon.a(joybus.o)
 .rodata.si_interrupt.str1.8
                0x800211b7       0x40 /opt/libdragon/bin/../lib/gcc/mips64-elf/14.2.0/../../../../mips64-elf/lib/libdragon.a(joybus.o)
 .rodata.joybus_exec_async.str1.8
                0x800211b7       0x4a /opt/libdragon/bin/../lib/gcc/mips64-elf/14.2.0/../../../../mips64-elf/lib/libdragon.a(joybus.o)
 *fill*         0x800211b7        0x1 
 .rodata.__func__.1
                0x800211b8       0x12 /opt/libdragon/bin/../lib/gcc/mips64-elf/14.2.0/../../../../mips64-elf/lib/libdragon.a(joybus.o)
 *fill*         0x800211ca        0x6 
 .rodata.__func__.2
                0x800211d0       0x10 /opt/libdragon/bin/../lib/gcc/mips64-elf/14.2.0/../../../../mips64-elf/lib/libdragon.a(joybus.o)
 .rodata.__func__.3
                0x800211e0       0x10 /opt/libdragon/bin/../lib/gcc/mips64-elf/14.2.0/../../../../mips64-elf/lib/libdragon.a(joybus.o)
 .rodata.__func__.4
                0x800211f0        0xd /opt/libdragon/bin/../lib/gcc/mips64-elf/14.2.0/../../../../mips64-elf/lib/libdragon.a(joybus.o)
 .rodata.str1.8
                0x800211fd       0x5a /opt/libdragon/bin/../lib/gcc/mips64-elf/14.2.0/../../../../mips64-elf/lib/libc.a(libc_a-vfprintf.o)
 .rodata.str1.8
                0x800211fd        0x2 /opt/libdragon/bin/../lib/gcc/mips64-elf/14.2.0/../../../../mips64-elf/lib/libc.a(libc_a-puts.o)
 .rodata.str1.8
                0x800211fd      0x799 /opt/libdragon/bin/../lib/gcc/mips64-elf/14.2.0/../../../../mips64-elf/lib/libc.a(libc_a-strerror.o)
 .rodata.str1.8
                0x800211fd       0x71 /opt/libdragon/bin/../lib/gcc/mips64-elf/14.2.0/../../../../mips64-elf/lib/libc.a(libc_a-dtoa.o)
 .rodata.str1.8
                0x800211fd       0x52 /opt/libdragon/bin/../lib/gcc/mips64-elf/14.2.0/../../../../mips64-elf/lib/libc.a(libc_a-mprec.o)
 .rodata.str1.8
                0x800211fd       0x5a /opt/libdragon/bin/../lib/gcc/mips64-elf/14.2.0/../../../../mips64-elf/lib/libc.a(libc_a-svfprintf.o)
 .rodata.str1.8
                0x800211fd       0x1a /opt/libdragon/bin/../lib/gcc/mips64-elf/14.2.0/../../../../mips64-elf/lib/libc.a(libc_a-locale.o)
 *(keep.rodata.*)
 *(.gnu.linkonce.r.*)
                0x80021998                        . = ALIGN (0x8)
 *fill*         0x800211fd        0x3 

.MIPS.abiflags  0x80021200       0x18
 .MIPS.abiflags
                0x80021200       0x18 /opt/libdragon/bin/../lib/gcc/mips64-elf/14.2.0/crti.o

.rel.dyn        0x80021218        0x0
 .rel.dyn       0x80021218        0x0 /opt/libdragon/bin/../lib/gcc/mips64-elf/14.2.0/../../../../mips64-elf/lib/libdragon.a(rsp.o)
                0x80021218                        . = ALIGN (0x4)

.ctors          0x80021218       0x18
                0x80021218                        __CTOR_LIST__ = .
 *(.ctors)
 .ctors         0x80021218        0x4 /opt/libdragon/bin/../lib/gcc/mips64-elf/14.2.0/crtbegin.o
 .ctors         0x8002121c        0x4 /opt/libdragon/bin/../lib/gcc/mips64-elf/14.2.0/../../../../mips64-elf/lib/libdragon.a(inspector.o)
 .ctors         0x80021220        0x4 /opt/libdragon/bin/../lib/gcc/mips64-elf/14.2.0/../../../../mips64-elf/lib/libdragon.a(n64sys.o)
 .ctors         0x80021224        0x4 /opt/libdragon/bin/../lib/gcc/mips64-elf/14.2.0/../../../../mips64-elf/lib/libdragon.a(interrupt.o)
 .ctors         0x80021228        0x4 /opt/libdragon/bin/../lib/gcc/mips64-elf/14.2.0/../../../../mips64-elf/lib/libdragon.a(joybus.o)
 .ctors         0x8002122c        0x4 /opt/libdragon/bin/../lib/gcc/mips64-elf/14.2.0/crtend.o
                0x80021230                        __CTOR_END__ = .
                0x80021230                        . = ALIGN (0x8)

.data           0x80021230      0xa98
                0x80021230                        __data_start = .
 *(.data)
 .data          0x80021230      0x1c4 /opt/libdragon/bin/../lib/gcc/mips64-elf/14.2.0/../../../../mips64-elf/lib/libdragon.a(rsp_crash.o)
                0x80021230                rsp_crash_text_start
                0x800213f0                rsp_crash_data_start
                0x800213f0                rsp_crash_text_end
                0x800213f4                rsp_crash_data_end
 *fill*         0x800213f4        0x4 
 .data          0x800213f8      0x408 /opt/libdragon/bin/../lib/gcc/mips64-elf/14.2.0/../../../../mips64-elf/lib/libc.a(libc_a-mallocr.o)
                0x800213f8                __malloc_av_
 .data          0x80021800        0xc /opt/libdragon/bin/../lib/gcc/mips64-elf/14.2.0/../../../../mips64-elf/lib/libc.a(libc_a-findfp.o)
                0x80021800                __sglue
 *fill*         0x8002180c        0x4 
 .data          0x80021810      0x120 /opt/libdragon/bin/../lib/gcc/mips64-elf/14.2.0/../../../../mips64-elf/lib/libc.a(libc_a-impure.o)
                0x80021810                _impure_data
 .data          0x80021930      0x16c /opt/libdragon/bin/../lib/gcc/mips64-elf/14.2.0/../../../../mips64-elf/lib/libc.a(libc_a-locale.o)
                0x80021930                __global_locale
 *(.data.*)
 *fill*         0x80021a9c        0x4 
 .data.dragon_fs
                0x80021aa0       0x24 /opt/libdragon/bin/../lib/gcc/mips64-elf/14.2.0/../../../../mips64-elf/lib/libdragon.a(dragonfs.o)
 *fill*         0x80021ac4        0x4 
 .data.sprite_font
                0x80021ac8        0xc /opt/libdragon/bin/../lib/gcc/mips64-elf/14.2.0/../../../../mips64-elf/lib/libdragon.a(graphics.o)
 *fill*         0x80021ad4        0x4 
 .data.rsp_crash
                0x80021ad8       0x20 /opt/libdragon/bin/../lib/gcc/mips64-elf/14.2.0/../../../../mips64-elf/lib/libdragon.a(rsp.o)
                0x80021ad8                rsp_crash
 .data.__mips_fpreg
                0x80021af8       0x80 /opt/libdragon/bin/../lib/gcc/mips64-elf/14.2.0/../../../../mips64-elf/lib/libdragon.a(inspector.o)
                0x80021af8                __mips_fpreg
 .data.__mips_gpr
                0x80021b78       0x88 /opt/libdragon/bin/../lib/gcc/mips64-elf/14.2.0/../../../../mips64-elf/lib/libdragon.a(inspector.o)
                0x80021b78                __mips_gpr
 .data.algos    0x80021c00       0x48 /opt/libdragon/bin/../lib/gcc/mips64-elf/14.2.0/../../../../mips64-elf/lib/libdragon.a(asset.o)
 .data.handle_map
                0x80021c48       0x80 /opt/libdragon/bin/../lib/gcc/mips64-elf/14.2.0/../../../../mips64-elf/lib/libdragonsys.a(system.o)
 *(keep.data.*)
 *(.gnu.linkonce.d.*)
                0x80021cc8                        . = ALIGN (0x8)

.sdata          0x80021cc8      0x118
                0x80029cc8                        _gp = (. + 0x8000)
 *(.sdata)
 .sdata         0x80021cc8       0x60 build/pong.o
 .sdata         0x80021d28       0x10 /opt/libdragon/bin/../lib/gcc/mips64-elf/14.2.0/../../../../mips64-elf/lib/libdragon.a(exception.o)
 .sdata         0x80021d38        0x8 /opt/libdragon/bin/../lib/gcc/mips64-elf/14.2.0/../../../../mips64-elf/lib/libc.a(libc_a-mallocr.o)
                0x80021d38                __malloc_sbrk_base
                0x80021d3c                __malloc_trim_threshold
 .sdata         0x80021d40        0x8 /opt/libdragon/bin/../lib/gcc/mips64-elf/14.2.0/../../../../mips64-elf/lib/libc.a(libc_a-vfprintf.o)
 .sdata         0x80021d48        0x4 /opt/libdragon/bin/../lib/gcc/mips64-elf/14.2.0/../../../../mips64-elf/lib/libc.a(libc_a-impure.o)
                0x80021d48                _impure_ptr
 *fill*         0x80021d4c        0x4 
 .sdata         0x80021d50       0x48 /opt/libdragon/bin/../lib/gcc/mips64-elf/14.2.0/../../../../mips64-elf/lib/libc.a(libc_a-dtoa.o)
 .sdata         0x80021d98       0x10 /opt/libdragon/bin/../lib/gcc/mips64-elf/14.2.0/../../../../mips64-elf/lib/libc.a(libc_a-mprec.o)
 .sdata         0x80021da8        0x8 /opt/libdragon/bin/../lib/gcc/mips64-elf/14.2.0/../../../../mips64-elf/lib/libc.a(libc_a-svfprintf.o)
 *(.sdata.*)
 .sdata.now_showing
                0x80021db0        0x4 /opt/libdragon/bin/../lib/gcc/mips64-elf/14.2.0/../../../../mips64-elf/lib/libdragon.a(display.o)
 .sdata.__buffers
                0x80021db4        0x4 /opt/libdragon/bin/../lib/gcc/mips64-elf/14.2.0/../../../../mips64-elf/lib/libdragon.a(display.o)
 .sdata.f_color
                0x80021db8        0x4 /opt/libdragon/bin/../lib/gcc/mips64-elf/14.2.0/../../../../mips64-elf/lib/libdragon.a(graphics.o)
 .sdata.first_backtrace
                0x80021dbc        0x1 /opt/libdragon/bin/../lib/gcc/mips64-elf/14.2.0/../../../../mips64-elf/lib/libdragon.a(inspector.o)
 *fill*         0x80021dbd        0x3 
 .sdata.fpr_show_mode
                0x80021dc0        0x4 /opt/libdragon/bin/../lib/gcc/mips64-elf/14.2.0/../../../../mips64-elf/lib/libdragon.a(inspector.o)
 .sdata.__exception_handler
                0x80021dc4        0x4 /opt/libdragon/bin/../lib/gcc/mips64-elf/14.2.0/../../../../mips64-elf/lib/libdragon.a(exception.o)
 .sdata.__interrupt_depth
                0x80021dc8        0x4 /opt/libdragon/bin/../lib/gcc/mips64-elf/14.2.0/../../../../mips64-elf/lib/libdragon.a(interrupt.o)
 .sdata.mainexe_symt.4
                0x80021dcc        0x4 /opt/libdragon/bin/../lib/gcc/mips64-elf/14.2.0/../../../../mips64-elf/lib/libdragon.a(backtrace.o)
 .sdata.SYMT_ROM
                0x80021dd0        0x4 /opt/libdragon/bin/../lib/gcc/mips64-elf/14.2.0/../../../../mips64-elf/lib/libdragon.a(backtrace.o)
 .sdata.console_redirect_debug
                0x80021dd4        0x1 /opt/libdragon/bin/../lib/gcc/mips64-elf/14.2.0/../../../../mips64-elf/lib/libdragon.a(console.o)
 *fill*         0x80021dd5        0x3 
 .sdata.handle_buckets_count
                0x80021dd8        0x4 /opt/libdragon/bin/../lib/gcc/mips64-elf/14.2.0/../../../../mips64-elf/lib/libdragonsys.a(system.o)
 *(.gnu.linkonce.s.*)
                0x80021de0                        . = ALIGN (0x8)
 *fill*         0x80021ddc        0x4 

.lit8           0x80021de0        0x0
 *(.lit8)
                0x80021de0                        . = ALIGN (0x8)

.lit4           0x80021de0        0x0
 *(.lit4)
                0x80021de0                        . = ALIGN (0x8)
                0x80021de0                        . = ALIGN (0x8)
                0x80021de0                        __data_end = .
                0x80021de0                        . = ALIGN (0x8)
                0x80021de0                        __rom_end = .

.sbss           0x80021de0      0x150
                0x80021de0                        __bss_start = .
 *(.sbss)
 .sbss          0x80021de0        0x4 /opt/libdragon/bin/../lib/gcc/mips64-elf/14.2.0/../../../../mips64-elf/lib/libdragon.a(inthandler.o)
 .sbss          0x80021de4        0xc /opt/libdragon/bin/../lib/gcc/mips64-elf/14.2.0/../../../../mips64-elf/lib/libc.a(libc_a-mallocr.o)
                0x80021de4                __malloc_max_total_mem
                0x80021de8                __malloc_max_sbrked_mem
                0x80021dec                __malloc_top_pad
 .sbss          0x80021df0        0x4 /opt/libdragon/bin/../lib/gcc/mips64-elf/14.2.0/../../../../mips64-elf/lib/libc.a(libc_a-findfp.o)
                0x80021df0                __stdio_exit_handler
 .sbss          0x80021df4        0x4 /opt/libdragon/bin/../lib/gcc/mips64-elf/14.2.0/../../../../mips64-elf/lib/libc.a(libc_a-reent.o)
                0x80021df4                errno
 .sbss          0x80021df8       0x39 /opt/libdragon/bin/../lib/gcc/mips64-elf/14.2.0/../../../../mips64-elf/lib/libc.a(libc_a-lock.o)
                0x80021df8                __lock___arc4random_mutex
                0x80021e00                __lock___dd_hash_mutex
                0x80021e08                __lock___tz_mutex
                0x80021e10                __lock___env_recursive_mutex
                0x80021e18                __lock___malloc_recursive_mutex
                0x80021e20                __lock___at_quick_exit_mutex
                0x80021e28                __lock___atexit_recursive_mutex
                0x80021e30                __lock___sfp_recursive_mutex
 *(.sbss.*)
 *fill*         0x80021e31        0x3 
 .sbss.next_entry
                0x80021e34        0x4 /opt/libdragon/bin/../lib/gcc/mips64-elf/14.2.0/../../../../mips64-elf/lib/libdragon.a(dragonfs.o)
 .sbss.directory_top
                0x80021e38        0x4 /opt/libdragon/bin/../lib/gcc/mips64-elf/14.2.0/../../../../mips64-elf/lib/libdragon.a(dragonfs.o)
 .sbss.lookup_path_ofs
                0x80021e3c        0x4 /opt/libdragon/bin/../lib/gcc/mips64-elf/14.2.0/../../../../mips64-elf/lib/libdragon.a(dragonfs.o)
 .sbss.lookup   0x80021e40        0x4 /opt/libdragon/bin/../lib/gcc/mips64-elf/14.2.0/../../../../mips64-elf/lib/libdragon.a(dragonfs.o)
 .sbss.base_ptr
                0x80021e44        0x4 /opt/libdragon/bin/../lib/gcc/mips64-elf/14.2.0/../../../../mips64-elf/lib/libdragon.a(dragonfs.o)
 .sbss.frame_times_duration
                0x80021e48        0x4 /opt/libdragon/bin/../lib/gcc/mips64-elf/14.2.0/../../../../mips64-elf/lib/libdragon.a(display.o)
 .sbss.frame_times_index
                0x80021e4c        0x4 /opt/libdragon/bin/../lib/gcc/mips64-elf/14.2.0/../../../../mips64-elf/lib/libdragon.a(display.o)
 .sbss.ready_mask
                0x80021e50        0x4 /opt/libdragon/bin/../lib/gcc/mips64-elf/14.2.0/../../../../mips64-elf/lib/libdragon.a(display.o)
 .sbss.drawing_mask
                0x80021e54        0x4 /opt/libdragon/bin/../lib/gcc/mips64-elf/14.2.0/../../../../mips64-elf/lib/libdragon.a(display.o)
 .sbss.__height
                0x80021e58        0x4 /opt/libdragon/bin/../lib/gcc/mips64-elf/14.2.0/../../../../mips64-elf/lib/libdragon.a(display.o)
 .sbss.__width  0x80021e5c        0x4 /opt/libdragon/bin/../lib/gcc/mips64-elf/14.2.0/../../../../mips64-elf/lib/libdragon.a(display.o)
 .sbss.__bitdepth
                0x80021e60        0x4 /opt/libdragon/bin/../lib/gcc/mips64-elf/14.2.0/../../../../mips64-elf/lib/libdragon.a(display.o)
 .sbss.surfaces
                0x80021e64        0x4 /opt/libdragon/bin/../lib/gcc/mips64-elf/14.2.0/../../../../mips64-elf/lib/libdragon.a(display.o)
 .sbss.controller_inited
                0x80021e68        0x1 /opt/libdragon/bin/../lib/gcc/mips64-elf/14.2.0/../../../../mips64-elf/lib/libdragon.a(controller.o)
 .sbss.controller_autoscan_in_progress
                0x80021e69        0x1 /opt/libdragon/bin/../lib/gcc/mips64-elf/14.2.0/../../../../mips64-elf/lib/libdragon.a(controller.o)
 *fill*         0x80021e6a        0x2 
 .sbss.b_color  0x80021e6c        0x4 /opt/libdragon/bin/../lib/gcc/mips64-elf/14.2.0/../../../../mips64-elf/lib/libdragon.a(graphics.o)
 .sbss.cur_ucode
                0x80021e70        0x4 /opt/libdragon/bin/../lib/gcc/mips64-elf/14.2.0/../../../../mips64-elf/lib/libdragon.a(rsp.o)
 .sbss.backtrace.5
                0x80021e74        0x1 /opt/libdragon/bin/../lib/gcc/mips64-elf/14.2.0/../../../../mips64-elf/lib/libdragon.a(inspector.o)
 .sbss.in_inspector.6
                0x80021e75        0x1 /opt/libdragon/bin/../lib/gcc/mips64-elf/14.2.0/../../../../mips64-elf/lib/libdragon.a(inspector.o)
 *fill*         0x80021e76        0x2 
 .sbss.module_offset
                0x80021e78        0x4 /opt/libdragon/bin/../lib/gcc/mips64-elf/14.2.0/../../../../mips64-elf/lib/libdragon.a(inspector.o)
 .sbss.disasm_offset
                0x80021e7c        0x4 /opt/libdragon/bin/../lib/gcc/mips64-elf/14.2.0/../../../../mips64-elf/lib/libdragon.a(inspector.o)
 .sbss.disasm_max_frames
                0x80021e80        0x4 /opt/libdragon/bin/../lib/gcc/mips64-elf/14.2.0/../../../../mips64-elf/lib/libdragon.a(inspector.o)
 .sbss.disasm_bt_idx
                0x80021e84        0x4 /opt/libdragon/bin/../lib/gcc/mips64-elf/14.2.0/../../../../mips64-elf/lib/libdragon.a(inspector.o)
 .sbss.disp     0x80021e88        0x4 /opt/libdragon/bin/../lib/gcc/mips64-elf/14.2.0/../../../../mips64-elf/lib/libdragon.a(inspector.o)
 .sbss.cursor_wordwrap
                0x80021e8c        0x4 /opt/libdragon/bin/../lib/gcc/mips64-elf/14.2.0/../../../../mips64-elf/lib/libdragon.a(inspector.o)
 .sbss.cursor_columns
                0x80021e90        0x4 /opt/libdragon/bin/../lib/gcc/mips64-elf/14.2.0/../../../../mips64-elf/lib/libdragon.a(inspector.o)
 .sbss.cursor_y
                0x80021e94        0x4 /opt/libdragon/bin/../lib/gcc/mips64-elf/14.2.0/../../../../mips64-elf/lib/libdragon.a(inspector.o)
 .sbss.cursor_x
                0x80021e98        0x4 /opt/libdragon/bin/../lib/gcc/mips64-elf/14.2.0/../../../../mips64-elf/lib/libdragon.a(inspector.o)
 .sbss.TI_timers
                0x80021e9c        0x4 /opt/libdragon/bin/../lib/gcc/mips64-elf/14.2.0/../../../../mips64-elf/lib/libdragon.a(timer.o)
 .sbss.timer_init_refcount
                0x80021ea0        0x4 /opt/libdragon/bin/../lib/gcc/mips64-elf/14.2.0/../../../../mips64-elf/lib/libdragon.a(timer.o)
 .sbss.backtrace_exception.4
                0x80021ea4        0x1 /opt/libdragon/bin/../lib/gcc/mips64-elf/14.2.0/../../../../mips64-elf/lib/libdragon.a(exception.o)
 *fill*         0x80021ea5        0x3 
 .sbss.rdpq_trace
                0x80021ea8        0x4 /opt/libdragon/bin/../lib/gcc/mips64-elf/14.2.0/../../../../mips64-elf/lib/libdragon.a(rdpq_debug.o)
                0x80021ea8                rdpq_trace
 .sbss.__dl_num_loaded_modules
                0x80021eac        0x4 /opt/libdragon/bin/../lib/gcc/mips64-elf/14.2.0/../../../../mips64-elf/lib/libdragon.a(dlfcn.o)
                0x80021eac                __dl_num_loaded_modules
 .sbss.__dl_list_head
                0x80021eb0        0x4 /opt/libdragon/bin/../lib/gcc/mips64-elf/14.2.0/../../../../mips64-elf/lib/libdragon.a(dlfcn.o)
                0x80021eb0                __dl_list_head
 .sbss.__dl_lookup_module
                0x80021eb4        0x4 /opt/libdragon/bin/../lib/gcc/mips64-elf/14.2.0/../../../../mips64-elf/lib/libdragon.a(dlfcn.o)
                0x80021eb4                __dl_lookup_module
 .sbss.ticks64_base
                0x80021eb8        0x8 /opt/libdragon/bin/../lib/gcc/mips64-elf/14.2.0/../../../../mips64-elf/lib/libdragon.a(n64sys.o)
 .sbss.ticks64_base_tick
                0x80021ec0        0x4 /opt/libdragon/bin/../lib/gcc/mips64-elf/14.2.0/../../../../mips64-elf/lib/libdragon.a(n64sys.o)
 .sbss.__boot_consoletype
                0x80021ec4        0x4 /opt/libdragon/bin/../lib/gcc/mips64-elf/14.2.0/../../../../mips64-elf/lib/libdragon.a(n64sys.o)
                0x80021ec4                __boot_consoletype
 .sbss.__boot_resettype
                0x80021ec8        0x4 /opt/libdragon/bin/../lib/gcc/mips64-elf/14.2.0/../../../../mips64-elf/lib/libdragon.a(n64sys.o)
                0x80021ec8                __boot_resettype
 .sbss.__boot_tvtype
                0x80021ecc        0x4 /opt/libdragon/bin/../lib/gcc/mips64-elf/14.2.0/../../../../mips64-elf/lib/libdragon.a(n64sys.o)
                0x80021ecc                __boot_tvtype
 .sbss.__boot_memsize
                0x80021ed0        0x4 /opt/libdragon/bin/../lib/gcc/mips64-elf/14.2.0/../../../../mips64-elf/lib/libdragon.a(n64sys.o)
                0x80021ed0                __boot_memsize
 .sbss.last_cart_interrupt_count.4
                0x80021ed4        0x4 /opt/libdragon/bin/../lib/gcc/mips64-elf/14.2.0/../../../../mips64-elf/lib/libdragon.a(interrupt.o)
 .sbss.__prenmi_tick
                0x80021ed8        0x4 /opt/libdragon/bin/../lib/gcc/mips64-elf/14.2.0/../../../../mips64-elf/lib/libdragon.a(interrupt.o)
 .sbss.CART_callback
                0x80021edc        0x4 /opt/libdragon/bin/../lib/gcc/mips64-elf/14.2.0/../../../../mips64-elf/lib/libdragon.a(interrupt.o)
                0x80021edc                CART_callback
 .sbss.TI_callback
                0x80021ee0        0x4 /opt/libdragon/bin/../lib/gcc/mips64-elf/14.2.0/../../../../mips64-elf/lib/libdragon.a(interrupt.o)
                0x80021ee0                TI_callback
 .sbss.SP_callback
                0x80021ee4        0x4 /opt/libdragon/bin/../lib/gcc/mips64-elf/14.2.0/../../../../mips64-elf/lib/libdragon.a(interrupt.o)
                0x80021ee4                SP_callback
 .sbss.SI_callback
                0x80021ee8        0x4 /opt/libdragon/bin/../lib/gcc/mips64-elf/14.2.0/../../../../mips64-elf/lib/libdragon.a(interrupt.o)
                0x80021ee8                SI_callback
 .sbss.DP_callback
                0x80021eec        0x4 /opt/libdragon/bin/../lib/gcc/mips64-elf/14.2.0/../../../../mips64-elf/lib/libdragon.a(interrupt.o)
                0x80021eec                DP_callback
 .sbss.PI_callback
                0x80021ef0        0x4 /opt/libdragon/bin/../lib/gcc/mips64-elf/14.2.0/../../../../mips64-elf/lib/libdragon.a(interrupt.o)
                0x80021ef0                PI_callback
 .sbss.VI_callback
                0x80021ef4        0x4 /opt/libdragon/bin/../lib/gcc/mips64-elf/14.2.0/../../../../mips64-elf/lib/libdragon.a(interrupt.o)
                0x80021ef4                VI_callback
 .sbss.AI_callback
                0x80021ef8        0x4 /opt/libdragon/bin/../lib/gcc/mips64-elf/14.2.0/../../../../mips64-elf/lib/libdragon.a(interrupt.o)
                0x80021ef8                AI_callback
 .sbss.__interrupt_sr
                0x80021efc        0x4 /opt/libdragon/bin/../lib/gcc/mips64-elf/14.2.0/../../../../mips64-elf/lib/libdragon.a(interrupt.o)
 .sbss.addrtable_base
                0x80021f00        0x4 /opt/libdragon/bin/../lib/gcc/mips64-elf/14.2.0/../../../../mips64-elf/lib/libdragon.a(backtrace.o)
 .sbss.toc_addr.1
                0x80021f04        0x4 /opt/libdragon/bin/../lib/gcc/mips64-elf/14.2.0/../../../../mips64-elf/lib/libdragon.a(rompak.o)
 .sbss.rompak_corrupted.2
                0x80021f08        0x1 /opt/libdragon/bin/../lib/gcc/mips64-elf/14.2.0/../../../../mips64-elf/lib/libdragon.a(rompak.o)
 *fill*         0x80021f09        0x3 
 .sbss.render_now
                0x80021f0c        0x4 /opt/libdragon/bin/../lib/gcc/mips64-elf/14.2.0/../../../../mips64-elf/lib/libdragon.a(console.o)
 .sbss.render_buffer
                0x80021f10        0x4 /opt/libdragon/bin/../lib/gcc/mips64-elf/14.2.0/../../../../mips64-elf/lib/libdragon.a(console.o)
 .sbss.msgs_ridx
                0x80021f14        0x4 /opt/libdragon/bin/../lib/gcc/mips64-elf/14.2.0/../../../../mips64-elf/lib/libdragon.a(joybus.o)
 .sbss.msgs_widx
                0x80021f18        0x4 /opt/libdragon/bin/../lib/gcc/mips64-elf/14.2.0/../../../../mips64-elf/lib/libdragon.a(joybus.o)
 .sbss.joybus_state
                0x80021f1c        0x4 /opt/libdragon/bin/../lib/gcc/mips64-elf/14.2.0/../../../../mips64-elf/lib/libdragon.a(joybus.o)
 .sbss.heap_top.0
                0x80021f20        0x4 /opt/libdragon/bin/../lib/gcc/mips64-elf/14.2.0/../../../../mips64-elf/lib/libdragonsys.a(system.o)
 .sbss.heap_end.1
                0x80021f24        0x4 /opt/libdragon/bin/../lib/gcc/mips64-elf/14.2.0/../../../../mips64-elf/lib/libdragonsys.a(system.o)
 .sbss.handle_open_count